logic__2500: fpga__GC0, 
case__582: fpga__GC0, 
extram__12: fpga__GC0, 
lfsr__parameterized2: eth_phy_10g, 
logic__1071: fpga__GC0, 
case__12: eth_phy_10g, 
logic__9: fpga__GC0, 
logic__1470: fpga__GC0, 
logic__2938: fpga__GC0, 
reg__298: fpga__GC0, 
logic__3219: fpga__GC0, 
logic__1584: fpga__GC0, 
datapath__41: fpga__GC0, 
logic__1241: fpga__GC0, 
case__164: fpga__GC0, 
logic__334: eth_phy_10g, 
reg__259: fpga__GC0, 
logic__478: eth_phy_10g, 
logic__1314: fpga__GC0, 
logic__789: fpga__GC0, 
logic__3458: fpga__GC0, 
logic__769: fpga__GC0, 
eth_xcvr_phy_wrapper__GC0: eth_xcvr_phy_wrapper__GC0, 
logic__1645: fpga__GC0, 
logic__3411: fpga__GC0, 
case__193: fpga__GC0, 
case__198: fpga__GC0, 
datapath__6: eth_phy_10g, 
logic__1433: fpga__GC0, 
logic__556: eth_phy_10g, 
case__529: fpga__GC0, 
logic__1807: fpga__GC0, 
logic__1561: fpga__GC0, 
logic__796: fpga__GC0, 
logic__5: fpga__GC0, 
case__361: fpga__GC0, 
reg__241: fpga__GC0, 
reg__528: fpga__GC0, 
logic__448: eth_phy_10g, 
reg__296: fpga__GC0, 
reg__532: fpga__GC0, 
logic__276: eth_phy_10g, 
reg__44: eth_phy_10g, 
logic__1245: fpga__GC0, 
sync_reset: eth_xcvr_phy_wrapper__parameterized0__GC0, 
axis_async_fifo_adapter__parameterized0: fpga__GC0, 
logic__2199: fpga__GC0, 
case__255: fpga__GC0, 
logic__1569: fpga__GC0, 
reg__172: fpga__GC0, 
logic__511: eth_phy_10g, 
logic__3368: fpga__GC0, 
datapath__67: fpga__GC0, 
datapath__32: fpga__GC0, 
logic__192: eth_phy_10g, 
logic__1393: fpga__GC0, 
muxpart__1: eth_phy_10g, 
logic__140: eth_phy_10g, 
reg__156: fpga__GC0, 
datapath__34: fpga__GC0, 
reg__222: fpga__GC0, 
logic__1454: fpga__GC0, 
logic__1350: fpga__GC0, 
logic__635: fpga__GC0, 
reg__437: fpga__GC0, 
logic__1086: fpga__GC0, 
case__345: fpga__GC0, 
logic__1525: fpga__GC0, 
logic__540: eth_phy_10g, 
logic__1721: fpga__GC0, 
muxpart__177: fpga__GC0, 
case__274: fpga__GC0, 
eth_xcvr_phy_wrapper__parameterized0__xdcDup__1__GC0: eth_xcvr_phy_wrapper__parameterized0__xdcDup__1__GC0, 
reg__117: fpga__GC0, 
case__552: fpga__GC0, 
logic__692: fpga__GC0, 
reg__297: fpga__GC0, 
case__224: fpga__GC0, 
reg__337: fpga__GC0, 
logic__1522: fpga__GC0, 
reg__67: fpga__GC0, 
logic__1023: fpga__GC0, 
logic__1779: fpga__GC0, 
logic__1556: fpga__GC0, 
logic__545: eth_phy_10g, 
logic__2562: fpga__GC0, 
logic__1714: fpga__GC0, 
case__589: fpga__GC0, 
logic__3453: fpga__GC0, 
case__341: fpga__GC0, 
logic__2055: fpga__GC0, 
logic__956: fpga__GC0, 
logic__3177: fpga__GC0, 
logic__1457: fpga__GC0, 
logic__2251: fpga__GC0, 
reg__143: fpga__GC0, 
logic__1819: fpga__GC0, 
reg__225: fpga__GC0, 
logic__1736: fpga__GC0, 
logic__855: fpga__GC0, 
case__400: fpga__GC0, 
case__281: fpga__GC0, 
arp: fpga__GC0, 
reg__280: fpga__GC0, 
logic__1578: fpga__GC0, 
logic__440: eth_phy_10g, 
case__352: fpga__GC0, 
case__236: fpga__GC0, 
counter__6: fpga__GC0, 
reg__102: fpga__GC0, 
logic__1207: fpga__GC0, 
logic__1810: fpga__GC0, 
logic__3461: fpga__GC0, 
logic__2077: fpga__GC0, 
reg__516: fpga__GC0, 
case__234: fpga__GC0, 
logic__624: fpga__GC0, 
case__547: fpga__GC0, 
logic__1634: fpga__GC0, 
case__79: fpga__GC0, 
case__178: fpga__GC0, 
datapath__95: fpga__GC0, 
ram__14: fpga__GC0, 
logic__2160: fpga__GC0, 
logic__2616: fpga__GC0, 
datapath__36: fpga__GC0, 
logic__1231: fpga__GC0, 
case__187: fpga__GC0, 
logic__768: fpga__GC0, 
logic__1523: fpga__GC0, 
reg__327: fpga__GC0, 
logic__1587: fpga__GC0, 
muxpart__209: fpga__GC0, 
logic__173: eth_phy_10g, 
case__550: fpga__GC0, 
logic__2755: fpga__GC0, 
logic__616: eth_xcvr_phy_wrapper__parameterized0__xdcDup__5__GC0, 
logic__1115: fpga__GC0, 
logic__3627: fpga__GC0, 
logic__146: eth_phy_10g, 
logic__1534: fpga__GC0, 
reg__400: fpga__GC0, 
reg__66: fpga__GC0, 
muxpart__4: eth_phy_10g, 
logic__574: eth_phy_10g, 
reg__457: fpga__GC0, 
logic__68: eth_phy_10g, 
logic__92: eth_phy_10g, 
logic__89: eth_phy_10g, 
reg__121: fpga__GC0, 
reg__144: fpga__GC0, 
logic__1289: fpga__GC0, 
case__456: fpga__GC0, 
logic__2239: fpga__GC0, 
logic__1780: fpga__GC0, 
logic__596: eth_phy_10g, 
reg__530: fpga__GC0, 
logic__1828: fpga__GC0, 
case__520: fpga__GC0, 
reg__45: eth_phy_10g, 
case__541: fpga__GC0, 
logic__3205: fpga__GC0, 
logic__1174: fpga__GC0, 
logic__609: eth_xcvr_phy_wrapper__parameterized0__xdcDup__3__GC0, 
reg__89: fpga__GC0, 
logic__2166: fpga__GC0, 
datapath__86: fpga__GC0, 
logic__1273: fpga__GC0, 
muxpart__182: fpga__GC0, 
logic__1593: fpga__GC0, 
logic__602: eth_phy_10g, 
case__366: fpga__GC0, 
logic__816: fpga__GC0, 
logic__1770: fpga__GC0, 
logic__2637: fpga__GC0, 
reg__73: fpga__GC0, 
logic__73: eth_phy_10g, 
reg__124: fpga__GC0, 
logic__1571: fpga__GC0, 
logic__458: eth_phy_10g, 
logic__711: fpga__GC0, 
logic__1342: fpga__GC0, 
reg__567: fpga__GC0, 
logic__1916: fpga__GC0, 
logic__1153: fpga__GC0, 
reg__112: fpga__GC0, 
logic__648: fpga__GC0, 
reg__347: fpga__GC0, 
logic__390: eth_phy_10g, 
muxpart__135: fpga__GC0, 
logic__1620: fpga__GC0, 
logic__1333: fpga__GC0, 
case__88: fpga__GC0, 
logic__1033: fpga__GC0, 
reg__21: eth_phy_10g, 
logic__1414: fpga__GC0, 
logic__2357: fpga__GC0, 
logic__1372: fpga__GC0, 
logic__1225: fpga__GC0, 
reg__17: eth_phy_10g, 
reg__443: fpga__GC0, 
logic__121: eth_phy_10g, 
datapath__58: fpga__GC0, 
case__290: fpga__GC0, 
reg__537: fpga__GC0, 
logic__1451: fpga__GC0, 
logic__1027: fpga__GC0, 
case__504: fpga__GC0, 
logic__1565: fpga__GC0, 
reg__31: eth_phy_10g, 
logic__1628: fpga__GC0, 
logic__1708: fpga__GC0, 
logic__1491: fpga__GC0, 
sync_reset__xdcDup__10: eth_xcvr_phy_wrapper__GC0, 
logic__1862: fpga__GC0, 
logic__1617: fpga__GC0, 
case__126: fpga__GC0, 
logic__267: eth_phy_10g, 
case__549: fpga__GC0, 
logic__2769: fpga__GC0, 
reg__292: fpga__GC0, 
logic__3831: fpga__GC0, 
datapath__56: fpga__GC0, 
reg__1: fpga__GC0, 
logic__1286: fpga__GC0, 
reg__308: fpga__GC0, 
case__486: fpga__GC0, 
case__286: fpga__GC0, 
logic__924: fpga__GC0, 
logic__657: fpga__GC0, 
logic__1811: fpga__GC0, 
datapath__94: fpga__GC0, 
logic__3274: fpga__GC0, 
logic__430: eth_phy_10g, 
logic__672: fpga__GC0, 
logic__1793: fpga__GC0, 
logic__566: eth_phy_10g, 
case__111: fpga__GC0, 
muxpart__28: eth_phy_10g, 
case__383: fpga__GC0, 
logic__1330: fpga__GC0, 
logic__1298: fpga__GC0, 
case__145: fpga__GC0, 
logic__2151: fpga__GC0, 
axis_xgmii_tx_64: fpga__GC0, 
logic__1540: fpga__GC0, 
logic__205: eth_phy_10g, 
case__530: fpga__GC0, 
case__314: fpga__GC0, 
logic__432: eth_phy_10g, 
datapath__11: fpga__GC0, 
logic__1486: fpga__GC0, 
logic__1441: fpga__GC0, 
logic__2374: fpga__GC0, 
reg__278: fpga__GC0, 
logic__2036: fpga__GC0, 
logic__447: eth_phy_10g, 
ram__2: fpga__GC0, 
logic__1396: fpga__GC0, 
case__276: fpga__GC0, 
logic__1576: fpga__GC0, 
logic__1164: fpga__GC0, 
reg__110: fpga__GC0, 
datapath__17: fpga__GC0, 
logic__1204: fpga__GC0, 
logic__766: fpga__GC0, 
logic__1260: fpga__GC0, 
logic__1678: fpga__GC0, 
logic__1595: fpga__GC0, 
logic__1747: fpga__GC0, 
logic__2182: fpga__GC0, 
logic__420: eth_phy_10g, 
datapath__99: fpga__GC0, 
datapath__96: fpga__GC0, 
case__393: fpga__GC0, 
reg__151: fpga__GC0, 
logic__1651: fpga__GC0, 
logic__2869: fpga__GC0, 
datapath__87: fpga__GC0, 
reg__61: fpga__GC0, 
logic__920: fpga__GC0, 
logic__1694: fpga__GC0, 
logic__3209: fpga__GC0, 
logic__519: eth_phy_10g, 
case__257: fpga__GC0, 
case__181: fpga__GC0, 
logic__1526: fpga__GC0, 
logic__760: fpga__GC0, 
logic__81: eth_phy_10g, 
case__546: fpga__GC0, 
logic__1671: fpga__GC0, 
case__259: fpga__GC0, 
logic__718: fpga__GC0, 
muxpart__61: fpga__GC0, 
logic__455: eth_phy_10g, 
reg__189: fpga__GC0, 
logic__1773: fpga__GC0, 
logic__1452: fpga__GC0, 
reg__506: fpga__GC0, 
logic__536: eth_phy_10g, 
datapath__77: fpga__GC0, 
logic__183: eth_phy_10g, 
logic__3369: fpga__GC0, 
reg__321: fpga__GC0, 
logic__465: eth_phy_10g, 
sync_reset__xdcDup__2: eth_xcvr_phy_wrapper__xdcDup__1__GC0, 
logic__206: eth_phy_10g, 
datapath__10: fpga__GC0, 
logic__661: fpga__GC0, 
reg__199: fpga__GC0, 
reg__242: fpga__GC0, 
logic__362: eth_phy_10g, 
reg__209: fpga__GC0, 
logic__1240: fpga__GC0, 
logic__1161: fpga__GC0, 
logic__1420: fpga__GC0, 
logic__1348: fpga__GC0, 
logic__33: eth_phy_10g, 
logic__44: eth_phy_10g, 
logic__605: eth_xcvr_phy_wrapper__parameterized0__xdcDup__1__GC0, 
logic__3242: fpga__GC0, 
logic__303: eth_phy_10g, 
logic__2547: fpga__GC0, 
logic__1573: fpga__GC0, 
logic__753: fpga__GC0, 
logic__2191: fpga__GC0, 
reg__123: fpga__GC0, 
logic__1029: fpga__GC0, 
logic__1923: fpga__GC0, 
reg__538: fpga__GC0, 
case__439: fpga__GC0, 
logic__1875: fpga__GC0, 
logic__980: fpga__GC0, 
logic__1244: fpga__GC0, 
case__596: fpga__GC0, 
logic__3047: fpga__GC0, 
reg__87: fpga__GC0, 
case__492: fpga__GC0, 
case__28: eth_phy_10g, 
reg__410: fpga__GC0, 
case__631: fpga__GC0, 
logic__3396: fpga__GC0, 
logic__2899: fpga__GC0, 
logic__2327: fpga__GC0, 
logic__216: eth_phy_10g, 
logic__202: eth_phy_10g, 
case__386: fpga__GC0, 
reg__230: fpga__GC0, 
logic__203: eth_phy_10g, 
logic__2149: fpga__GC0, 
case__659: fpga__GC0, 
case__364: fpga__GC0, 
logic__75: eth_phy_10g, 
logic__256: eth_phy_10g, 
case__243: fpga__GC0, 
case__161: fpga__GC0, 
logic__1434: fpga__GC0, 
logic__2783: fpga__GC0, 
logic__1924: fpga__GC0, 
reg__91: fpga__GC0, 
logic__1687: fpga__GC0, 
case__664: fpga__GC0, 
logic__805: fpga__GC0, 
ram__15: fpga__GC0, 
case__1: fpga__GC0, 
logic__3825: fpga__GC0, 
case__479: fpga__GC0, 
reg__42: eth_phy_10g, 
reg__277: fpga__GC0, 
case__349: fpga__GC0, 
logic__1755: fpga__GC0, 
logic__3522: fpga__GC0, 
logic__567: eth_phy_10g, 
logic__738: fpga__GC0, 
logic__2926: fpga__GC0, 
datapath__4: eth_phy_10g, 
logic__1766: fpga__GC0, 
muxpart__34: eth_phy_10g, 
logic__1253: fpga__GC0, 
logic__1894: fpga__GC0, 
logic__1731: fpga__GC0, 
logic__3495: fpga__GC0, 
reg__223: fpga__GC0, 
muxpart__27: eth_phy_10g, 
logic__3234: fpga__GC0, 
reg__438: fpga__GC0, 
reg__420: fpga__GC0, 
logic__1734: fpga__GC0, 
eth_xcvr_gt_full: eth_xcvr_phy_wrapper__GC0, eth_xcvr_phy_wrapper__xdcDup__1__GC0, 
case__498: fpga__GC0, 
logic__445: eth_phy_10g, 
logic__416: eth_phy_10g, 
case__287: fpga__GC0, 
logic__1854: fpga__GC0, 
logic__2292: fpga__GC0, 
reg__447: fpga__GC0, 
case__87: fpga__GC0, 
logic__1609: fpga__GC0, 
logic__1167: fpga__GC0, 
logic__61: eth_phy_10g, 
reg__378: fpga__GC0, 
logic__804: fpga__GC0, 
case__570: fpga__GC0, 
case__406: fpga__GC0, 
logic__720: fpga__GC0, 
case__438: fpga__GC0, 
logic__912: fpga__GC0, 
muxpart__176: fpga__GC0, 
case__568: fpga__GC0, 
logic__771: fpga__GC0, 
logic__695: fpga__GC0, 
case__295: fpga__GC0, 
logic__156: eth_phy_10g, 
logic__787: fpga__GC0, 
logic__161: eth_phy_10g, 
reg__470: fpga__GC0, 
reg__190: fpga__GC0, 
extram__20: fpga__GC0, 
logic__1088: fpga__GC0, 
logic__444: eth_phy_10g, 
logic__1771: fpga__GC0, 
logic__758: fpga__GC0, 
logic__2184: fpga__GC0, 
logic__547: eth_phy_10g, 
logic__188: eth_phy_10g, 
case__702: fpga__GC0, 
logic__702: fpga__GC0, 
case__628: fpga__GC0, 
logic__1109: fpga__GC0, 
case__138: fpga__GC0, 
case__152: fpga__GC0, 
case__573: fpga__GC0, 
lfsr__parameterized3: fpga__GC0, 
datapath__43: fpga__GC0, 
logic__1864: fpga__GC0, 
case__15: eth_phy_10g, 
logic__2545: fpga__GC0, 
reg__415: fpga__GC0, 
logic__1272: fpga__GC0, 
logic__497: eth_phy_10g, 
logic__3408: fpga__GC0, 
xgmii_baser_enc_64: eth_phy_10g, 
logic__1599: fpga__GC0, 
logic__1826: fpga__GC0, 
datapath__93: fpga__GC0, 
case__539: fpga__GC0, 
logic__1356: fpga__GC0, 
reg__358: fpga__GC0, 
logic__1607: fpga__GC0, 
eth_phy_10g: eth_phy_10g, 
logic__1430: fpga__GC0, 
logic__947: fpga__GC0, 
logic__852: fpga__GC0, 
muxpart__24: eth_phy_10g, 
logic__2909: fpga__GC0, 
logic__2200: fpga__GC0, 
logic__1745: fpga__GC0, 
logic__560: eth_phy_10g, 
logic__1567: fpga__GC0, 
logic__1499: fpga__GC0, 
logic__737: fpga__GC0, 
case__185: fpga__GC0, 
case__40: fpga__GC0, 
logic__3619: fpga__GC0, 
logic__501: eth_phy_10g, 
reg__524: fpga__GC0, 
logic__2147: fpga__GC0, 
reg__107: fpga__GC0, 
logic__2293: fpga__GC0, 
logic__620: fpga__GC0, 
logic__3644: fpga__GC0, 
logic__1359: fpga__GC0, 
logic__42: eth_phy_10g, 
reg__332: fpga__GC0, 
case__154: fpga__GC0, 
case__278: fpga__GC0, 
logic__48: eth_phy_10g, 
logic__1503: fpga__GC0, 
logic__1535: fpga__GC0, 
reg__160: fpga__GC0, 
reg__497: fpga__GC0, 
muxpart__50: eth_phy_10g, 
logic__1806: fpga__GC0, 
logic__782: fpga__GC0, 
datapath__84: fpga__GC0, 
eth_arb_mux: fpga__GC0, 
sync_reset__xdcDup__14: eth_xcvr_phy_wrapper__parameterized0__xdcDup__5__GC0, 
datapath__2: eth_phy_10g, 
muxpart__41: eth_phy_10g, 
logic__488: eth_phy_10g, 
case__567: fpga__GC0, 
reg__11: eth_phy_10g, 
logic__1611: fpga__GC0, 
case__47: fpga__GC0, 
case__343: fpga__GC0, 
logic__1926: fpga__GC0, 
case__70: fpga__GC0, 
logic__687: fpga__GC0, 
logic__1385: fpga__GC0, 
logic__3288: fpga__GC0, 
datapath__24: fpga__GC0, 
case__480: fpga__GC0, 
logic__2739: fpga__GC0, 
datapath__49: fpga__GC0, 
logic__3652: fpga__GC0, 
logic__3477: fpga__GC0, 
logic__2939: fpga__GC0, 
logic__541: eth_phy_10g, 
logic__1701: fpga__GC0, 
muxpart__58: fpga__GC0, 
case__146: fpga__GC0, 
reg__592: fpga__GC0, 
logic__466: eth_phy_10g, 
reg__165: fpga__GC0, 
case__692: fpga__GC0, 
case__538: fpga__GC0, 
case__153: fpga__GC0, 
case__513: fpga__GC0, 
logic__1882: fpga__GC0, 
reg__60: eth_xcvr_phy_wrapper__parameterized0__GC0, 
reg__134: fpga__GC0, 
logic__3419: fpga__GC0, 
case__271: fpga__GC0, 
reg__583: fpga__GC0, 
logic__2216: fpga__GC0, 
datapath__79: fpga__GC0, 
muxpart__188: fpga__GC0, 
logic__1500: fpga__GC0, 
datapath__91: fpga__GC0, 
logic__3802: fpga__GC0, 
logic__1732: fpga__GC0, 
logic__1686: fpga__GC0, 
logic__2326: fpga__GC0, 
reg__120: fpga__GC0, 
logic__871: fpga__GC0, 
reg__139: fpga__GC0, 
case__544: fpga__GC0, 
logic__461: eth_phy_10g, 
logic__1648: fpga__GC0, 
reg__396: fpga__GC0, 
case__173: fpga__GC0, 
reg__549: fpga__GC0, 
ram__17: fpga__GC0, 
logic__1390: fpga__GC0, 
logic__3401: fpga__GC0, 
logic__425: eth_phy_10g, 
logic__1230: fpga__GC0, 
logic__552: eth_phy_10g, 
logic__1716: fpga__GC0, 
logic__2380: fpga__GC0, 
reg__481: fpga__GC0, 
case__213: fpga__GC0, 
reg__48: eth_xcvr_phy_wrapper__parameterized0__xdcDup__1__GC0, 
logic__1446: fpga__GC0, 
reg__194: fpga__GC0, 
logic__1737: fpga__GC0, 
logic__3446: fpga__GC0, 
logic__1881: fpga__GC0, 
logic__1511: fpga__GC0, 
logic__2546: fpga__GC0, 
logic__1274: fpga__GC0, 
logic__1901: fpga__GC0, 
logic__498: eth_phy_10g, 
reg__196: fpga__GC0, 
reg__227: fpga__GC0, 
logic__137: eth_phy_10g, 
logic__803: fpga__GC0, 
logic__1426: fpga__GC0, 
logic__1489: fpga__GC0, 
logic__656: fpga__GC0, 
logic__1560: fpga__GC0, 
case__199: fpga__GC0, 
case__691: fpga__GC0, 
reg__562: fpga__GC0, 
logic__1775: fpga__GC0, 
case__509: fpga__GC0, 
lfsr__parameterized5: fpga__GC0, 
logic__1805: fpga__GC0, 
case__348: fpga__GC0, 
reg__380: fpga__GC0, 
logic__1281: fpga__GC0, 
logic__1838: fpga__GC0, 
case__189: fpga__GC0, 
logic__1566: fpga__GC0, 
logic__486: eth_phy_10g, 
extram__8: fpga__GC0, 
logic__767: fpga__GC0, 
logic__1966: fpga__GC0, 
logic__1203: fpga__GC0, 
reg__32: eth_phy_10g, 
case__458: fpga__GC0, 
logic__2364: fpga__GC0, 
logic__757: fpga__GC0, 
case__144: fpga__GC0, 
case__404: fpga__GC0, 
case__380: fpga__GC0, 
case__285: fpga__GC0, 
logic__1659: fpga__GC0, 
logic__550: eth_phy_10g, 
logic__3270: fpga__GC0, 
reg__18: eth_phy_10g, 
reg__449: fpga__GC0, 
case__294: fpga__GC0, 
logic__1880: fpga__GC0, 
muxpart__31: eth_phy_10g, 
logic__82: eth_phy_10g, 
logic__1072: fpga__GC0, 
logic__752: fpga__GC0, 
case__551: fpga__GC0, 
case__139: fpga__GC0, 
logic__2155: fpga__GC0, 
case__368: fpga__GC0, 
logic__70: eth_phy_10g, 
case__2: eth_phy_10g, 
reg__206: fpga__GC0, 
reg__575: fpga__GC0, 
logic__3521: fpga__GC0, 
reg__312: fpga__GC0, 
logic__1643: fpga__GC0, 
logic__1892: fpga__GC0, 
logic__2091: fpga__GC0, 
logic__627: fpga__GC0, 
logic__1493: fpga__GC0, 
logic__1307: fpga__GC0, 
logic__129: eth_phy_10g, 
logic__745: fpga__GC0, 
extram__14: fpga__GC0, 
reg__419: fpga__GC0, 
logic__2161: fpga__GC0, 
case__521: fpga__GC0, 
logic__2174: fpga__GC0, 
ram__13: fpga__GC0, 
case__239: fpga__GC0, 
logic__2554: fpga__GC0, 
case__197: fpga__GC0, 
reg__574: fpga__GC0, 
logic__3437: fpga__GC0, 
muxpart__43: eth_phy_10g, 
logic__2375: fpga__GC0, 
logic__3503: fpga__GC0, 
case__440: fpga__GC0, 
logic__364: eth_phy_10g, 
counter__8: fpga__GC0, 
logic__1202: fpga__GC0, 
case__167: fpga__GC0, 
logic__3782: fpga__GC0, 
logic__2949: fpga__GC0, 
logic__905: fpga__GC0, 
case__169: fpga__GC0, 
logic__3402: fpga__GC0, 
logic__379: eth_phy_10g, 
logic__1667: fpga__GC0, 
logic__603: eth_xcvr_phy_wrapper__xdcDup__1__GC0, 
datapath__88: fpga__GC0, 
datapath__63: fpga__GC0, 
case__556: fpga__GC0, 
logic__2089: fpga__GC0, 
reg__186: fpga__GC0, 
case__17: eth_phy_10g, 
logic__3824: fpga__GC0, 
logic__2433: fpga__GC0, 
logic__1726: fpga__GC0, 
logic__3359: fpga__GC0, 
logic__1664: fpga__GC0, 
datapath__3: eth_phy_10g, 
logic__3449: fpga__GC0, 
logic__1524: fpga__GC0, 
logic__78: eth_phy_10g, 
case__490: fpga__GC0, 
logic__1474: fpga__GC0, 
case__273: fpga__GC0, 
logic__708: fpga__GC0, 
logic__1412: fpga__GC0, 
logic__571: eth_phy_10g, 
reg__527: fpga__GC0, 
case__661: fpga__GC0, 
case__542: fpga__GC0, 
logic__1900: fpga__GC0, 
logic__3319: fpga__GC0, 
logic__41: eth_phy_10g, 
logic__463: eth_phy_10g, 
reg__56: eth_xcvr_phy_wrapper__parameterized0__xdcDup__4__GC0, 
muxpart__186: fpga__GC0, 
logic__1932: fpga__GC0, 
logic__663: fpga__GC0, 
logic__468: eth_phy_10g, 
logic__149: eth_phy_10g, 
logic__822: fpga__GC0, 
logic__2852: fpga__GC0, 
reg__57: eth_xcvr_phy_wrapper__parameterized0__xdcDup__5__GC0, 
logic__1774: fpga__GC0, 
muxpart__20: eth_phy_10g, 
case__182: fpga__GC0, 
logic__759: fpga__GC0, 
logic__2623: fpga__GC0, 
logic__481: eth_phy_10g, 
logic__802: fpga__GC0, 
reg__40: eth_phy_10g, 
case__242: fpga__GC0, 
reg__147: fpga__GC0, 
muxpart__185: fpga__GC0, 
case__46: fpga__GC0, 
logic__1797: fpga__GC0, 
logic__1400: fpga__GC0, 
reg__217: fpga__GC0, 
logic__652: fpga__GC0, 
case__435: fpga__GC0, 
logic__1292: fpga__GC0, 
reg__339: fpga__GC0, 
logic__500: eth_phy_10g, 
reg__390: fpga__GC0, 
logic__744: fpga__GC0, 
logic__1816: fpga__GC0, 
logic__1870: fpga__GC0, 
logic__3228: fpga__GC0, 
logic__729: fpga__GC0, 
reg__140: fpga__GC0, 
logic__1352: fpga__GC0, 
reg__200: fpga__GC0, 
logic__1455: fpga__GC0, 
reg__187: fpga__GC0, 
logic__1918: fpga__GC0, 
logic__3658: fpga__GC0, 
logic__3376: fpga__GC0, 
reg__607: fpga__GC0, 
logic__3632: fpga__GC0, 
reg__46: eth_phy_10g, 
logic__1851: fpga__GC0, 
logic__3085: fpga__GC0, 
ram: fpga__GC0, 
logic__107: eth_phy_10g, 
logic__3272: fpga__GC0, 
logic__2370: fpga__GC0, 
logic__245: eth_phy_10g, 
logic__3163: fpga__GC0, 
logic__604: eth_xcvr_phy_wrapper__xdcDup__1__GC0, 
logic__3276: fpga__GC0, 
logic__1494: fpga__GC0, 
logic__2073: fpga__GC0, 
reg__224: fpga__GC0, 
reg__488: fpga__GC0, 
reg__157: fpga__GC0, 
logic__1767: fpga__GC0, 
logic__864: fpga__GC0, 
case__221: fpga__GC0, 
case__232: fpga__GC0, 
extram__13: fpga__GC0, 
logic__335: eth_phy_10g, 
case__660: fpga__GC0, 
case__635: fpga__GC0, 
reg__351: fpga__GC0, 
muxpart__46: eth_phy_10g, 
logic__480: eth_phy_10g, 
reg__389: fpga__GC0, 
logic__414: eth_phy_10g, 
case__396: fpga__GC0, 
logic__717: fpga__GC0, 
reg__14: eth_phy_10g, 
logic__3457: fpga__GC0, 
reg__560: fpga__GC0, 
logic__2369: fpga__GC0, 
logic__1603: fpga__GC0, 
reg__496: fpga__GC0, 
logic__926: fpga__GC0, 
logic__565: eth_phy_10g, 
logic__1614: fpga__GC0, 
logic__1170: fpga__GC0, 
case__581: fpga__GC0, 
logic__2925: fpga__GC0, 
case__246: fpga__GC0, 
logic__2167: fpga__GC0, 
muxpart__183: fpga__GC0, 
reg__338: fpga__GC0, 
case__658: fpga__GC0, 
logic__3052: fpga__GC0, 
datapath__27: fpga__GC0, 
logic__1258: fpga__GC0, 
case__565: fpga__GC0, 
datapath__55: fpga__GC0, 
logic__21: eth_phy_10g, 
logic__537: eth_phy_10g, 
logic__1727: fpga__GC0, 
case__685: fpga__GC0, 
case__280: fpga__GC0, 
reg__359: fpga__GC0, 
datapath__28: fpga__GC0, 
reg__215: fpga__GC0, 
logic__3641: fpga__GC0, 
reg__531: fpga__GC0, 
case__235: fpga__GC0, 
logic__671: fpga__GC0, 
logic__1796: fpga__GC0, 
logic__1824: fpga__GC0, 
logic__867: fpga__GC0, 
datapath__82: fpga__GC0, 
logic__117: eth_phy_10g, 
case__210: fpga__GC0, 
logic__748: fpga__GC0, 
logic__23: eth_phy_10g, 
case__377: fpga__GC0, 
logic__1597: fpga__GC0, 
reg__489: fpga__GC0, 
logic__110: eth_phy_10g, 
ram__16: fpga__GC0, 
logic__1512: fpga__GC0, 
logic__725: fpga__GC0, 
logic__1761: fpga__GC0, 
logic__2065: fpga__GC0, 
logic__1908: fpga__GC0, 
logic__561: eth_phy_10g, 
logic__3286: fpga__GC0, 
logic__1692: fpga__GC0, 
logic__1802: fpga__GC0, 
logic__369: eth_phy_10g, 
logic__3436: fpga__GC0, 
logic__2363: fpga__GC0, 
datapath__50: fpga__GC0, 
logic__3284: fpga__GC0, 
logic__1089: fpga__GC0, 
logic__3380: fpga__GC0, 
reg__261: fpga__GC0, 
logic__1515: fpga__GC0, 
logic__3328: fpga__GC0, 
logic__2873: fpga__GC0, 
lfsr__parameterized9: fpga__GC0, 
logic__2391: fpga__GC0, 
datapath__1: eth_phy_10g, 
reg__129: fpga__GC0, 
logic__1468: fpga__GC0, 
reg__103: fpga__GC0, 
logic__1015: fpga__GC0, 
logic__265: eth_phy_10g, 
logic__1685: fpga__GC0, 
logic__2847: fpga__GC0, 
logic__626: fpga__GC0, 
logic__1448: fpga__GC0, 
eth_axis_rx: fpga__GC0, 
logic__1037: fpga__GC0, 
logic__406: eth_phy_10g, 
logic__1091: fpga__GC0, 
logic__1557: fpga__GC0, 
logic__2190: fpga__GC0, 
logic__2250: fpga__GC0, 
logic__2054: fpga__GC0, 
logic__1608: fpga__GC0, 
reg__427: fpga__GC0, 
muxpart__14: eth_phy_10g, 
logic__1953: fpga__GC0, 
logic__706: fpga__GC0, 
logic__607: eth_xcvr_phy_wrapper__parameterized0__xdcDup__2__GC0, 
logic__460: eth_phy_10g, 
muxpart__55: eth_phy_10g, 
reg__473: fpga__GC0, 
lfsr__parameterized6: fpga__GC0, 
logic__1287: fpga__GC0, 
logic__2141: fpga__GC0, 
logic__1480: fpga__GC0, 
logic__1841: fpga__GC0, 
case__534: fpga__GC0, 
logic__1867: fpga__GC0, 
logic__1772: fpga__GC0, 
reg__401: fpga__GC0, 
reg__27: eth_phy_10g, 
reg__94: fpga__GC0, 
logic__794: fpga__GC0, 
logic__933: fpga__GC0, 
logic__403: eth_phy_10g, 
logic__1874: fpga__GC0, 
logic__3442: fpga__GC0, 
logic__380: eth_phy_10g, 
case__643: fpga__GC0, 
reg__515: fpga__GC0, 
case__220: fpga__GC0, 
logic__3341: fpga__GC0, 
logic__3153: fpga__GC0, 
logic__125: eth_phy_10g, 
logic__814: fpga__GC0, 
logic__734: fpga__GC0, 
logic__1084: fpga__GC0, 
logic__2: fpga__GC0, 
reg__441: fpga__GC0, 
logic__31: eth_phy_10g, 
datapath__64: fpga__GC0, 
muxpart__181: fpga__GC0, 
reg__453: fpga__GC0, 
reg__262: fpga__GC0, 
logic__1844: fpga__GC0, 
reg__303: fpga__GC0, 
logic__147: eth_phy_10g, 
logic__1631: fpga__GC0, 
logic__3797: fpga__GC0, 
logic__612: eth_xcvr_phy_wrapper__GC0, 
logic__3764: fpga__GC0, 
reg__395: fpga__GC0, 
reg__356: fpga__GC0, 
logic__1527: fpga__GC0, 
logic__1601: fpga__GC0, 
reg__487: fpga__GC0, 
reg__444: fpga__GC0, 
logic__2920: fpga__GC0, 
logic__2265: fpga__GC0, 
logic__1343: fpga__GC0, 
reg__372: fpga__GC0, 
logic__1948: fpga__GC0, 
logic__527: eth_phy_10g, 
muxpart__25: eth_phy_10g, 
case__387: fpga__GC0, 
logic__523: eth_phy_10g, 
counter__12: fpga__GC0, 
logic__2627: fpga__GC0, 
logic__733: fpga__GC0, 
logic__53: eth_phy_10g, 
logic__1858: fpga__GC0, 
eth_mac_10g_fifo: fpga__GC0, 
reg__9: eth_phy_10g, 
logic__542: eth_phy_10g, 
case__163: fpga__GC0, 
logic__489: eth_phy_10g, 
logic__1536: fpga__GC0, 
logic__1702: fpga__GC0, 
reg__533: fpga__GC0, 
case__41: fpga__GC0, 
reg__569: fpga__GC0, 
logic__2950: fpga__GC0, 
logic__1312: fpga__GC0, 
logic__670: fpga__GC0, 
logic__1812: fpga__GC0, 
logic__2344: fpga__GC0, 
reg__436: fpga__GC0, 
logic__786: fpga__GC0, 
logic__26: eth_phy_10g, 
reg__558: fpga__GC0, 
logic__2449: fpga__GC0, 
logic__755: fpga__GC0, 
reg__24: eth_phy_10g, 
case__175: fpga__GC0, 
logic__3642: fpga__GC0, 
logic__756: fpga__GC0, 
reg__578: fpga__GC0, 
logic__2223: fpga__GC0, 
case__401: fpga__GC0, 
logic__429: eth_phy_10g, 
logic__327: eth_phy_10g, 
case__560: fpga__GC0, 
reg__6: fpga__GC0, 
logic__439: eth_phy_10g, 
logic__1960: fpga__GC0, 
logic__1763: fpga__GC0, 
logic__1165: fpga__GC0, 
logic__2350: fpga__GC0, 
logic__3226: fpga__GC0, 
reg__371: fpga__GC0, 
logic__1521: fpga__GC0, 
reg__352: fpga__GC0, 
priority_encoder: fpga__GC0, 
logic__1028: fpga__GC0, 
logic__1739: fpga__GC0, 
reg__333: fpga__GC0, 
case__31: eth_phy_10g, 
udp_checksum_gen_64: fpga__GC0, 
logic__483: eth_phy_10g, 
logic__333: eth_phy_10g, 
logic__452: eth_phy_10g, 
muxpart__179: fpga__GC0, 
logic__701: fpga__GC0, 
logic__3629: fpga__GC0, 
extram__23: fpga__GC0, 
case__214: fpga__GC0, 
case__205: fpga__GC0, 
reg__76: fpga__GC0, 
case__545: fpga__GC0, 
logic__2392: fpga__GC0, 
logic__3348: fpga__GC0, 
logic__3250: fpga__GC0, 
logic__1618: fpga__GC0, 
case__378: fpga__GC0, 
logic__305: eth_phy_10g, 
datapath__29: fpga__GC0, 
reg__374: fpga__GC0, 
logic__1032: fpga__GC0, 
reg__4: fpga__GC0, 
logic__2929: fpga__GC0, 
logic__499: eth_phy_10g, 
case__298: fpga__GC0, 
extram__24: fpga__GC0, 
reg__288: fpga__GC0, 
sync_reset__xdcDup__4: eth_xcvr_phy_wrapper__parameterized0__xdcDup__1__GC0, 
logic__1929: fpga__GC0, 
reg__561: fpga__GC0, 
logic__1423: fpga__GC0, 
logic__1616: fpga__GC0, 
logic__1422: fpga__GC0, 
reg__377: fpga__GC0, 
reg__142: fpga__GC0, 
reg__455: fpga__GC0, 
case__141: fpga__GC0, 
logic__1254: fpga__GC0, 
reg__331: fpga__GC0, 
logic__747: fpga__GC0, 
reg__178: fpga__GC0, 
reg__239: fpga__GC0, 
logic__1116: fpga__GC0, 
case__241: fpga__GC0, 
logic__741: fpga__GC0, 
reg__394: fpga__GC0, 
logic__558: eth_phy_10g, 
logic__1575: fpga__GC0, 
logic__617: eth_xcvr_phy_wrapper__parameterized0__GC0, 
case__587: fpga__GC0, 
logic__1438: fpga__GC0, 
logic__3811: fpga__GC0, 
case__485: fpga__GC0, 
logic__2702: fpga__GC0, 
case__219: fpga__GC0, 
case__508: fpga__GC0, 
reg__180: fpga__GC0, 
logic__2446: fpga__GC0, 
logic__1746: fpga__GC0, 
case__391: fpga__GC0, 
logic__2573: fpga__GC0, 
logic__1641: fpga__GC0, 
case__454: fpga__GC0, 
logic__827: fpga__GC0, 
logic__15: fpga__GC0, 
case__394: fpga__GC0, 
reg__491: fpga__GC0, 
logic__1809: fpga__GC0, 
logic__937: fpga__GC0, 
logic__1340: fpga__GC0, 
case__50: fpga__GC0, 
reg__521: fpga__GC0, 
reg__237: fpga__GC0, 
muxpart__57: fpga__GC0, 
logic__779: fpga__GC0, 
case__382: fpga__GC0, 
case__42: fpga__GC0, 
logic__2629: fpga__GC0, 
logic__487: eth_phy_10g, 
logic__1635: fpga__GC0, 
logic__2404: fpga__GC0, 
logic__1550: fpga__GC0, 
muxpart__29: eth_phy_10g, 
logic__2759: fpga__GC0, 
reg__150: fpga__GC0, 
reg__317: fpga__GC0, 
case__67: fpga__GC0, 
case__703: fpga__GC0, 
logic__3777: fpga__GC0, 
logic__3454: fpga__GC0, 
case__446: fpga__GC0, 
logic__1177: fpga__GC0, 
logic__677: fpga__GC0, 
case__453: fpga__GC0, 
reg__64: fpga__GC0, 
logic__2307: fpga__GC0, 
logic__621: fpga__GC0, 
logic__2336: fpga__GC0, 
logic__812: fpga__GC0, 
reg__22: eth_phy_10g, 
logic__2716: fpga__GC0, 
case__384: fpga__GC0, 
logic__1408: fpga__GC0, 
logic__1219: fpga__GC0, 
reg__68: fpga__GC0, 
reg__507: fpga__GC0, 
logic__2853: fpga__GC0, 
reg__218: fpga__GC0, 
case__269: fpga__GC0, 
muxpart__40: eth_phy_10g, 
case__662: fpga__GC0, 
eth_xcvr_phy_wrapper__parameterized0__xdcDup__5__GC0: eth_xcvr_phy_wrapper__parameterized0__xdcDup__5__GC0, 
logic__1460: fpga__GC0, 
logic__1725: fpga__GC0, 
logic__1361: fpga__GC0, 
logic__171: eth_phy_10g, 
logic__3416: fpga__GC0, 
reg__286: fpga__GC0, 
reg__345: fpga__GC0, 
case__66: fpga__GC0, 
logic__1675: fpga__GC0, 
logic__1843: fpga__GC0, 
logic__3082: fpga__GC0, 
logic__2782: fpga__GC0, 
case__597: fpga__GC0, 
reg__13: eth_phy_10g, 
reg__478: fpga__GC0, 
case__625: fpga__GC0, 
logic__1684: fpga__GC0, 
logic__3444: fpga__GC0, 
logic__583: eth_phy_10g, 
logic__1081: fpga__GC0, 
logic__1541: fpga__GC0, 
logic__1519: fpga__GC0, 
logic__1399: fpga__GC0, 
logic__1490: fpga__GC0, 
logic__1389: fpga__GC0, 
logic__1861: fpga__GC0, 
case__132: fpga__GC0, 
logic__1822: fpga__GC0, 
case__118: fpga__GC0, 
case__166: fpga__GC0, 
logic__2519: fpga__GC0, 
logic__2057: fpga__GC0, 
logic__632: fpga__GC0, 
logic__3833: fpga__GC0, 
logic__1776: fpga__GC0, 
fpga__GC0: fpga__GC0, 
eth_mac_10g: fpga__GC0, 
logic__578: eth_phy_10g, 
logic__1885: fpga__GC0, 
logic__743: fpga__GC0, 
case__122: fpga__GC0, 
logic__2659: fpga__GC0, 
logic__1537: fpga__GC0, 
case__306: fpga__GC0, 
logic__1619: fpga__GC0, 
reg__284: fpga__GC0, 
case__125: fpga__GC0, 
logic__3626: fpga__GC0, 
logic__1546: fpga__GC0, 
logic__1857: fpga__GC0, 
logic__821: fpga__GC0, 
reg__283: fpga__GC0, 
case__385: fpga__GC0, 
case__491: fpga__GC0, 
case__195: fpga__GC0, 
logic__1919: fpga__GC0, 
logic__2447: fpga__GC0, 
logic__1172: fpga__GC0, 
logic__275: eth_phy_10g, 
reg: fpga__GC0, 
case__525: fpga__GC0, 
logic__2932: fpga__GC0, 
datapath__47: fpga__GC0, 
logic__3280: fpga__GC0, 
logic__427: eth_phy_10g, 
logic__3406: fpga__GC0, 
logic__1355: fpga__GC0, 
reg__204: fpga__GC0, 
logic__1484: fpga__GC0, 
reg__265: fpga__GC0, 
reg__250: fpga__GC0, 
case__372: fpga__GC0, 
logic__3656: fpga__GC0, 
logic__29: eth_phy_10g, 
logic__1754: fpga__GC0, 
reg__463: fpga__GC0, 
debounce_switch: fpga__GC0, 
logic__2658: fpga__GC0, 
logic__283: eth_phy_10g, 
logic__1476: fpga__GC0, 
case__179: fpga__GC0, 
case__496: fpga__GC0, 
logic__1808: fpga__GC0, 
logic__724: fpga__GC0, 
logic__97: eth_phy_10g, 
logic__1757: fpga__GC0, 
logic__86: eth_phy_10g, 
reg__62: fpga__GC0, 
reg__393: fpga__GC0, 
logic__1743: fpga__GC0, 
logic__1337: fpga__GC0, 
logic__646: fpga__GC0, 
logic__1432: fpga__GC0, 
reg__285: fpga__GC0, 
logic__127: eth_phy_10g, 
logic__295: eth_phy_10g, 
reg__432: fpga__GC0, 
logic__522: eth_phy_10g, 
logic__1471: fpga__GC0, 
reg__318: fpga__GC0, 
logic__2349: fpga__GC0, 
case__586: fpga__GC0, 
reg__433: fpga__GC0, 
case__370: fpga__GC0, 
reg__430: fpga__GC0, 
logic__2381: fpga__GC0, 
logic__1853: fpga__GC0, 
logic__257: eth_phy_10g, 
reg__355: fpga__GC0, 
logic__564: eth_phy_10g, 
logic__1927: fpga__GC0, 
logic__109: eth_phy_10g, 
logic__1817: fpga__GC0, 
datapath__52: fpga__GC0, 
reg__35: eth_phy_10g, 
case__33: eth_phy_10g, 
logic__408: eth_phy_10g, 
reg__251: fpga__GC0, 
datapath__81: fpga__GC0, 
reg__322: fpga__GC0, 
logic__415: eth_phy_10g, 
logic__251: eth_phy_10g, 
logic__669: fpga__GC0, 
case__405: fpga__GC0, 
reg__163: fpga__GC0, 
logic__1381: fpga__GC0, 
reg__414: fpga__GC0, 
logic__2330: fpga__GC0, 
case__297: fpga__GC0, 
case__183: fpga__GC0, 
logic__1514: fpga__GC0, 
reg__170: fpga__GC0, 
logic__1724: fpga__GC0, 
reg__246: fpga__GC0, 
reg__268: fpga__GC0, 
logic__3315: fpga__GC0, 
logic__1479: fpga__GC0, 
logic__211: eth_phy_10g, 
logic__721: fpga__GC0, 
logic__1243: fpga__GC0, 
logic__1889: fpga__GC0, 
logic__3814: fpga__GC0, 
case__309: fpga__GC0, 
reg__482: fpga__GC0, 
logic__1156: fpga__GC0, 
logic__2342: fpga__GC0, 
reg__386: fpga__GC0, 
case__569: fpga__GC0, 
logic__3263: fpga__GC0, 
logic__1696: fpga__GC0, 
logic__1719: fpga__GC0, 
logic__619: fpga__GC0, 
reg__164: fpga__GC0, 
logic__400: eth_phy_10g, 
logic__2124: fpga__GC0, 
counter__13: fpga__GC0, 
logic__174: eth_phy_10g, 
logic__2473: fpga__GC0, 
logic__817: fpga__GC0, 
reg__361: fpga__GC0, 
logic__784: fpga__GC0, 
logic__139: eth_phy_10g, 
reg__440: fpga__GC0, 
reg__213: fpga__GC0, 
logic__2070: fpga__GC0, 
logic__2128: fpga__GC0, 
logic__1445: fpga__GC0, 
reg__461: fpga__GC0, 
case__449: fpga__GC0, 
logic__645: fpga__GC0, 
logic__422: eth_phy_10g, 
logic__815: fpga__GC0, 
logic__2503: fpga__GC0, 
logic__1501: fpga__GC0, 
reg__431: fpga__GC0, 
ram__12: fpga__GC0, 
logic__531: eth_phy_10g, 
reg__407: fpga__GC0, 
datapath__30: fpga__GC0, 
case__162: fpga__GC0, 
muxpart__175: fpga__GC0, 
reg__542: fpga__GC0, 
case__499: fpga__GC0, 
logic__1637: fpga__GC0, 
datapath__31: fpga__GC0, 
logic__3255: fpga__GC0, 
logic__2632: fpga__GC0, 
muxpart__12: eth_phy_10g, 
logic__1981: fpga__GC0, 
logic__111: eth_phy_10g, 
logic__700: fpga__GC0, 
logic__299: eth_phy_10g, 
ram__8: fpga__GC0, 
logic__858: fpga__GC0, 
logic__1419: fpga__GC0, 
logic__279: eth_phy_10g, 
reg__19: eth_phy_10g, 
datapath__21: fpga__GC0, 
case__140: fpga__GC0, 
logic__1788: fpga__GC0, 
logic__3357: fpga__GC0, 
logic__3830: fpga__GC0, 
reg__577: fpga__GC0, 
logic__798: fpga__GC0, 
logic__1087: fpga__GC0, 
logic__494: eth_phy_10g, 
logic__1800: fpga__GC0, 
logic__2319: fpga__GC0, 
logic__338: eth_phy_10g, 
case__201: fpga__GC0, 
reg__435: fpga__GC0, 
reg__553: fpga__GC0, 
case__20: eth_phy_10g, 
datapath__92: fpga__GC0, 
logic__693: fpga__GC0, 
logic__1798: fpga__GC0, 
reg__568: fpga__GC0, 
reg__480: fpga__GC0, 
reg__564: fpga__GC0, 
extram__7: fpga__GC0, 
extram__5: fpga__GC0, 
logic__1154: fpga__GC0, 
logic__3440: fpga__GC0, 
logic__1856: fpga__GC0, 
logic__1564: fpga__GC0, 
logic__1859: fpga__GC0, 
reg__198: fpga__GC0, 
muxpart__37: eth_phy_10g, 
muxpart__3: eth_phy_10g, 
logic__1498: fpga__GC0, 
reg__173: fpga__GC0, 
reg__485: fpga__GC0, 
logic__1234: fpga__GC0, 
reg__451: fpga__GC0, 
logic__2126: fpga__GC0, 
logic__218: eth_phy_10g, 
logic__530: eth_phy_10g, 
logic__1265: fpga__GC0, 
reg__43: eth_phy_10g, 
logic__597: eth_phy_10g, 
logic__1591: fpga__GC0, 
sync_reset__xdcDup__8: eth_xcvr_phy_wrapper__parameterized0__xdcDup__3__GC0, 
logic__59: eth_phy_10g, 
logic__1758: fpga__GC0, 
logic__1173: fpga__GC0, 
reg__154: fpga__GC0, 
ram__6: fpga__GC0, 
logic__3099: fpga__GC0, 
case__695: fpga__GC0, 
logic__676: fpga__GC0, 
reg__214: fpga__GC0, 
logic__1437: fpga__GC0, 
datapath__37: fpga__GC0, 
reg__511: fpga__GC0, 
datapath__83: fpga__GC0, 
logic__3301: fpga__GC0, 
reg__37: eth_phy_10g, 
logic__2905: fpga__GC0, 
logic__438: eth_phy_10g, 
logic__1762: fpga__GC0, 
logic__434: eth_phy_10g, 
logic__1487: fpga__GC0, 
extram__18: fpga__GC0, 
logic__1928: fpga__GC0, 
logic__636: fpga__GC0, 
extram__11: fpga__GC0, 
logic__819: fpga__GC0, 
case__263: fpga__GC0, 
logic__1674: fpga__GC0, 
reg__550: fpga__GC0, 
eth_axis_tx: fpga__GC0, 
reg__130: fpga__GC0, 
muxpart__22: eth_phy_10g, 
reg__413: fpga__GC0, 
case__623: fpga__GC0, 
logic__3108: fpga__GC0, 
case__478: fpga__GC0, 
logic__1160: fpga__GC0, 
logic__3145: fpga__GC0, 
muxpart__99: fpga__GC0, 
case__229: fpga__GC0, 
logic__829: fpga__GC0, 
logic__2649: fpga__GC0, 
logic__482: eth_phy_10g, 
logic__3760: fpga__GC0, 
logic__776: fpga__GC0, 
logic__613: eth_xcvr_phy_wrapper__parameterized0__xdcDup__4__GC0, 
case__84: fpga__GC0, 
case__700: fpga__GC0, 
logic__1820: fpga__GC0, 
logic__1905: fpga__GC0, 
logic__2348: fpga__GC0, 
logic__2240: fpga__GC0, 
logic__1847: fpga__GC0, 
logic__783: fpga__GC0, 
logic__514: eth_phy_10g, 
reg__137: fpga__GC0, 
case__230: fpga__GC0, 
logic__1612: fpga__GC0, 
logic__65: eth_phy_10g, 
logic__28: eth_phy_10g, 
case__313: fpga__GC0, 
logic__772: fpga__GC0, 
logic__3038: fpga__GC0, 
logic__1855: fpga__GC0, 
logic__1354: fpga__GC0, 
logic__1492: fpga__GC0, 
logic__1782: fpga__GC0, 
logic__506: eth_phy_10g, 
logic__1171: fpga__GC0, 
logic__477: eth_phy_10g, 
logic__3039: fpga__GC0, 
case__342: fpga__GC0, 
logic__588: eth_phy_10g, 
case__354: fpga__GC0, 
case__477: fpga__GC0, 
case__129: fpga__GC0, 
logic__419: eth_phy_10g, 
logic__698: fpga__GC0, 
logic__948: fpga__GC0, 
logic__704: fpga__GC0, 
logic__1604: fpga__GC0, 
reg__175: fpga__GC0, 
logic__1681: fpga__GC0, 
reg__605: fpga__GC0, 
muxpart__18: eth_phy_10g, 
logic__3800: fpga__GC0, 
case__270: fpga__GC0, 
sync_reset__xdcDup__12: eth_xcvr_phy_wrapper__parameterized0__xdcDup__4__GC0, 
case__450: fpga__GC0, 
logic__39: eth_phy_10g, 
logic__459: eth_phy_10g, 
logic__820: fpga__GC0, 
reg__514: fpga__GC0, 
logic__788: fpga__GC0, 
logic__3176: fpga__GC0, 
logic__1891: fpga__GC0, 
reg__366: fpga__GC0, 
logic__3817: fpga__GC0, 
case__524: fpga__GC0, 
case__202: fpga__GC0, 
reg__221: fpga__GC0, 
logic__1760: fpga__GC0, 
logic__573: eth_phy_10g, 
reg__266: fpga__GC0, 
reg__404: fpga__GC0, 
logic__2480: fpga__GC0, 
counter__7: fpga__GC0, 
logic__1582: fpga__GC0, 
reg__547: fpga__GC0, 
case__69: fpga__GC0, 
logic__1518: fpga__GC0, 
datapath__57: fpga__GC0, 
logic__60: eth_phy_10g, 
logic__3515: fpga__GC0, 
logic__450: eth_phy_10g, 
logic__2311: fpga__GC0, 
case__130: fpga__GC0, 
logic__1946: fpga__GC0, 
logic__1914: fpga__GC0, 
logic__3180: fpga__GC0, 
logic__2848: fpga__GC0, 
logic__682: fpga__GC0, 
reg__16: eth_phy_10g, 
logic__386: eth_phy_10g, 
logic__3808: fpga__GC0, 
logic__261: eth_phy_10g, 
reg__316: fpga__GC0, 
logic__2556: fpga__GC0, 
case__222: fpga__GC0, 
logic__1886: fpga__GC0, 
logic__3259: fpga__GC0, 
logic__1295: fpga__GC0, 
logic__589: eth_phy_10g, 
logic__63: eth_phy_10g, 
counter__5: fpga__GC0, 
case__434: fpga__GC0, 
logic__3537: fpga__GC0, 
case__590: fpga__GC0, 
case__514: fpga__GC0, 
xgmii_baser_dec_64: eth_phy_10g, 
datapath__22: fpga__GC0, 
logic__1984: fpga__GC0, 
logic__34: eth_phy_10g, 
logic__2328: fpga__GC0, 
case__624: fpga__GC0, 
logic__2053: fpga__GC0, 
logic__293: eth_phy_10g, 
datapath__42: fpga__GC0, 
case__22: eth_phy_10g, 
logic__3538: fpga__GC0, 
logic__1229: fpga__GC0, 
muxpart__44: eth_phy_10g, 
logic__269: eth_phy_10g, 
case__207: fpga__GC0, 
logic__2516: fpga__GC0, 
case__44: fpga__GC0, 
reg__472: fpga__GC0, 
case__135: fpga__GC0, 
logic__2862: fpga__GC0, 
datapath__105: fpga__GC0, 
muxpart__98: fpga__GC0, 
logic__1271: fpga__GC0, 
logic__3795: fpga__GC0, 
logic__3434: fpga__GC0, 
logic__2168: fpga__GC0, 
logic__1360: fpga__GC0, 
logic__1592: fpga__GC0, 
logic__2325: fpga__GC0, 
case__292: fpga__GC0, 
muxpart__6: eth_phy_10g, 
reg__513: fpga__GC0, 
logic__133: eth_phy_10g, 
logic__949: fpga__GC0, 
logic__214: eth_phy_10g, 
logic__1217: fpga__GC0, 
case__527: fpga__GC0, 
logic__1345: fpga__GC0, 
logic__2134: fpga__GC0, 
logic__413: eth_phy_10g, 
reg__557: fpga__GC0, 
case__188: fpga__GC0, 
logic__1729: fpga__GC0, 
logic__3539: fpga__GC0, 
logic__454: eth_phy_10g, 
logic__56: eth_phy_10g, 
logic__3364: fpga__GC0, 
case__14: eth_phy_10g, 
logic__123: eth_phy_10g, 
logic__517: eth_phy_10g, 
logic__1682: fpga__GC0, 
reg__92: fpga__GC0, 
reg__594: fpga__GC0, 
logic__1391: fpga__GC0, 
case__82: fpga__GC0, 
logic__301: eth_phy_10g, 
reg__600: fpga__GC0, 
logic__101: eth_phy_10g, 
reg__503: fpga__GC0, 
logic__640: fpga__GC0, 
logic__3806: fpga__GC0, 
logic__1336: fpga__GC0, 
logic__688: fpga__GC0, 
reg__379: fpga__GC0, 
logic__2442: fpga__GC0, 
reg__51: eth_xcvr_phy_wrapper__parameterized0__xdcDup__3__GC0, 
logic__2362: fpga__GC0, 
case__648: fpga__GC0, 
logic__94: eth_phy_10g, 
case__448: fpga__GC0, 
logic__1398: fpga__GC0, 
logic__3333: fpga__GC0, 
reg__179: fpga__GC0, 
logic__1296: fpga__GC0, 
logic__3439: fpga__GC0, 
logic__2180: fpga__GC0, 
datapath__33: fpga__GC0, 
logic__1622: fpga__GC0, 
logic__727: fpga__GC0, 
reg__269: fpga__GC0, 
ram__5: fpga__GC0, 
logic__554: eth_phy_10g, 
logic__435: eth_phy_10g, 
logic__103: eth_phy_10g, 
logic__1108: fpga__GC0, 
logic__3618: fpga__GC0, 
logic__2773: fpga__GC0, 
muxpart__39: eth_phy_10g, 
logic__2490: fpga__GC0, 
logic__30: eth_phy_10g, 
extram__19: fpga__GC0, 
case__272: fpga__GC0, 
logic__1031: fpga__GC0, 
sync_reset__xdcDup__15: eth_xcvr_phy_wrapper__parameterized0__xdcDup__5__GC0, 
case__381: fpga__GC0, 
logic__2700: fpga__GC0, 
logic__1785: fpga__GC0, 
logic__649: fpga__GC0, 
datapath__106: fpga__GC0, 
case__233: fpga__GC0, 
logic__2491: fpga__GC0, 
logic__1586: fpga__GC0, 
logic__825: fpga__GC0, 
case__457: fpga__GC0, 
logic__69: eth_phy_10g, 
reg__499: fpga__GC0, 
logic__513: eth_phy_10g, 
logic__457: eth_phy_10g, 
logic__1233: fpga__GC0, 
logic__935: fpga__GC0, 
logic__1176: fpga__GC0, 
reg__365: fpga__GC0, 
udp_ip_tx_64: fpga__GC0, 
reg__336: fpga__GC0, 
logic__1899: fpga__GC0, 
logic__1871: fpga__GC0, 
logic__106: eth_phy_10g, 
arp_eth_tx: fpga__GC0, 
datapath__48: fpga__GC0, 
logic__553: eth_phy_10g, 
logic__190: eth_phy_10g, 
logic__72: eth_phy_10g, 
counter__2: eth_phy_10g, 
logic__3542: fpga__GC0, 
logic__705: fpga__GC0, 
case__275: fpga__GC0, 
case__592: fpga__GC0, 
logic__3430: fpga__GC0, 
logic__2225: fpga__GC0, 
case__194: fpga__GC0, 
logic__548: eth_phy_10g, 
logic__3443: fpga__GC0, 
logic__1263: fpga__GC0, 
logic__3245: fpga__GC0, 
reg__305: fpga__GC0, 
logic__579: eth_phy_10g, 
logic__1114: fpga__GC0, 
reg__570: fpga__GC0, 
logic__1978: fpga__GC0, 
reg__270: fpga__GC0, 
logic__510: eth_phy_10g, 
logic__1417: fpga__GC0, 
logic__2666: fpga__GC0, 
logic__1464: fpga__GC0, 
reg__421: fpga__GC0, 
reg__424: fpga__GC0, 
logic__559: eth_phy_10g, 
case__85: fpga__GC0, 
logic__631: fpga__GC0, 
case__706: fpga__GC0, 
extram__10: fpga__GC0, 
case__548: fpga__GC0, 
logic__1679: fpga__GC0, 
logic__1562: fpga__GC0, 
counter__9: fpga__GC0, 
case__484: fpga__GC0, 
logic__3334: fpga__GC0, 
muxpart__38: eth_phy_10g, 
logic__3451: fpga__GC0, 
logic__3129: fpga__GC0, 
logic__770: fpga__GC0, 
logic__1787: fpga__GC0, 
logic__673: fpga__GC0, 
reg__466: fpga__GC0, 
logic__1294: fpga__GC0, 
reg__603: fpga__GC0, 
logic__2882: fpga__GC0, 
logic__1368: fpga__GC0, 
reg__79: fpga__GC0, 
logic__1543: fpga__GC0, 
logic__1649: fpga__GC0, 
logic__392: eth_phy_10g, 
reg__474: fpga__GC0, 
case__497: fpga__GC0, 
logic__1222: fpga__GC0, 
logic__1338: fpga__GC0, 
logic__3081: fpga__GC0, 
reg__294: fpga__GC0, 
logic__2303: fpga__GC0, 
eth_xcvr_phy_wrapper__parameterized0__xdcDup__4__GC0: eth_xcvr_phy_wrapper__parameterized0__xdcDup__4__GC0, 
reg__267: fpga__GC0, 
logic__3474: fpga__GC0, 
logic__24: eth_phy_10g, 
logic__1710: fpga__GC0, 
reg__122: fpga__GC0, 
reg__492: fpga__GC0, 
eth_phy_10g_tx: eth_phy_10g, 
logic__2332: fpga__GC0, 
case__566: fpga__GC0, 
extram__4: fpga__GC0, 
logic__1014: fpga__GC0, 
datapath__14: fpga__GC0, 
case__646: fpga__GC0, 
logic__1751: fpga__GC0, 
case__174: fpga__GC0, 
extram__1: fpga__GC0, 
reg__346: fpga__GC0, 
muxpart__56: fpga__GC0, 
extram__15: fpga__GC0, 
logic__2682: fpga__GC0, 
logic__3360: fpga__GC0, 
datapath__78: fpga__GC0, 
logic__2056: fpga__GC0, 
case__250: fpga__GC0, 
datapath__61: fpga__GC0, 
logic__1689: fpga__GC0, 
logic__1795: fpga__GC0, 
case__37: eth_phy_10g, 
logic__1344: fpga__GC0, 
case__291: fpga__GC0, 
logic__437: eth_phy_10g, 
logic__643: fpga__GC0, 
reg__597: fpga__GC0, 
reg__25: eth_phy_10g, 
logic__426: eth_phy_10g, 
reg__58: eth_xcvr_phy_wrapper__parameterized0__xdcDup__5__GC0, 
logic__1483: fpga__GC0, 
case__633: fpga__GC0, 
reg__412: fpga__GC0, 
logic__384: eth_phy_10g, 
logic__6: fpga__GC0, 
reg__106: fpga__GC0, 
reg__208: fpga__GC0, 
case__11: eth_phy_10g, 
case__639: fpga__GC0, 
reg__253: fpga__GC0, 
reg__464: fpga__GC0, 
logic__800: fpga__GC0, 
case__186: fpga__GC0, 
case__693: fpga__GC0, 
logic__2105: fpga__GC0, 
reg__476: fpga__GC0, 
reg__177: fpga__GC0, 
case__147: fpga__GC0, 
reg__10: eth_phy_10g, 
reg__587: fpga__GC0, 
reg__320: fpga__GC0, 
logic__2951: fpga__GC0, 
case__584: fpga__GC0, 
muxpart__47: eth_phy_10g, 
logic__3225: fpga__GC0, 
logic__118: eth_phy_10g, 
reg__364: fpga__GC0, 
logic__1963: fpga__GC0, 
muxpart__52: eth_phy_10g, 
reg__5: fpga__GC0, 
case__23: eth_phy_10g, 
logic__3361: fpga__GC0, 
logic__3407: fpga__GC0, 
logic__1216: fpga__GC0, 
logic__731: fpga__GC0, 
logic__950: fpga__GC0, 
logic__1749: fpga__GC0, 
case__39: fpga__GC0, 
logic__2232: fpga__GC0, 
logic__2626: fpga__GC0, 
ip_arb_mux: fpga__GC0, 
logic__1823: fpga__GC0, 
reg__556: fpga__GC0, 
logic__3525: fpga__GC0, 
datapath__7: eth_phy_10g, 
logic__504: eth_phy_10g, 
logic__343: eth_phy_10g, 
logic__409: eth_phy_10g, 
logic__1837: fpga__GC0, 
logic__1363: fpga__GC0, 
logic__449: eth_phy_10g, 
reg__486: fpga__GC0, 
logic__2495: fpga__GC0, 
logic__1548: fpga__GC0, 
logic__3653: fpga__GC0, 
logic__1477: fpga__GC0, 
reg__490: fpga__GC0, 
logic__155: eth_phy_10g, 
logic__3080: fpga__GC0, 
datapath__35: fpga__GC0, 
logic__467: eth_phy_10g, 
reg__591: fpga__GC0, 
logic__2318: fpga__GC0, 
reg__105: fpga__GC0, 
logic__3796: fpga__GC0, 
logic__407: eth_phy_10g, 
logic__3765: fpga__GC0, 
logic__1304: fpga__GC0, 
logic__1638: fpga__GC0, 
muxpart__49: eth_phy_10g, 
case__21: eth_phy_10g, 
logic__623: fpga__GC0, 
logic__1790: fpga__GC0, 
reg__534: fpga__GC0, 
logic__2681: fpga__GC0, 
logic__1815: fpga__GC0, 
case__149: fpga__GC0, 
logic__1832: fpga__GC0, 
logic__2887: fpga__GC0, 
logic__2551: fpga__GC0, 
case__627: fpga__GC0, 
reg__133: fpga__GC0, 
logic__1395: fpga__GC0, 
case__487: fpga__GC0, 
logic__2235: fpga__GC0, 
logic__3316: fpga__GC0, 
reg__469: fpga__GC0, 
reg__384: fpga__GC0, 
logic__1373: fpga__GC0, 
muxpart__174: fpga__GC0, 
logic__1036: fpga__GC0, 
logic__1092: fpga__GC0, 
reg__287: fpga__GC0, 
logic__154: eth_phy_10g, 
logic__577: eth_phy_10g, 
datapath__54: fpga__GC0, 
logic__3230: fpga__GC0, 
logic__476: eth_phy_10g, 
reg__254: fpga__GC0, 
reg__510: fpga__GC0, 
logic__774: fpga__GC0, 
logic__712: fpga__GC0, 
case__305: fpga__GC0, 
logic__1906: fpga__GC0, 
reg__210: fpga__GC0, 
reg__63: fpga__GC0, 
case__19: eth_phy_10g, 
muxpart__134: fpga__GC0, 
logic__1821: fpga__GC0, 
logic__1453: fpga__GC0, 
counter__10: fpga__GC0, 
reg__272: fpga__GC0, 
reg__584: fpga__GC0, 
case__264: fpga__GC0, 
datapath__103: fpga__GC0, 
logic__2157: fpga__GC0, 
logic__1623: fpga__GC0, 
logic__732: fpga__GC0, 
arp_eth_rx: fpga__GC0, 
logic__43: eth_phy_10g, 
logic__1860: fpga__GC0, 
reg__47: eth_xcvr_phy_wrapper__parameterized0__xdcDup__1__GC0, 
logic__473: eth_phy_10g, 
case__476: fpga__GC0, 
logic__263: eth_phy_10g, 
case__362: fpga__GC0, 
logic__3463: fpga__GC0, 
case__493: fpga__GC0, 
logic__830: fpga__GC0, 
logic__587: eth_phy_10g, 
logic__254: eth_phy_10g, 
logic__3776: fpga__GC0, 
logic__2470: fpga__GC0, 
reg__541: fpga__GC0, 
logic__3258: fpga__GC0, 
logic__2448: fpga__GC0, 
muxpart__54: eth_phy_10g, 
case__357: fpga__GC0, 
logic__2683: fpga__GC0, 
logic__45: eth_phy_10g, 
reg__135: fpga__GC0, 
logic__1280: fpga__GC0, 
reg__291: fpga__GC0, 
case__27: eth_phy_10g, 
logic__1673: fpga__GC0, 
logic__1836: fpga__GC0, 
logic__3612: fpga__GC0, 
logic__1804: fpga__GC0, 
logic__3460: fpga__GC0, 
reg__319: fpga__GC0, 
logic__667: fpga__GC0, 
logic__469: eth_phy_10g, 
logic__1642: fpga__GC0, 
logic__2228: fpga__GC0, 
logic__3116: fpga__GC0, 
logic__1443: fpga__GC0, 
logic__1382: fpga__GC0, 
logic__2467: fpga__GC0, 
logic__1449: fpga__GC0, 
logic__1332: fpga__GC0, 
reg__512: fpga__GC0, 
case__304: fpga__GC0, 
reg__598: fpga__GC0, 
case__113: fpga__GC0, 
logic__1784: fpga__GC0, 
logic__740: fpga__GC0, 
logic__1703: fpga__GC0, 
reg__536: fpga__GC0, 
logic__2748: fpga__GC0, 
logic__2224: fpga__GC0, 
case__558: fpga__GC0, 
reg__554: fpga__GC0, 
reg__313: fpga__GC0, 
logic__637: fpga__GC0, 
datapath__20: fpga__GC0, 
logic__2465: fpga__GC0, 
logic__2315: fpga__GC0, 
logic__1789: fpga__GC0, 
datapath__18: fpga__GC0, 
reg__381: fpga__GC0, 
logic__764: fpga__GC0, 
logic__2549: fpga__GC0, 
logic__1077: fpga__GC0, 
reg__229: fpga__GC0, 
logic__204: eth_phy_10g, 
logic__3429: fpga__GC0, 
reg__232: fpga__GC0, 
reg__548: fpga__GC0, 
logic__3447: fpga__GC0, 
case__90: fpga__GC0, 
logic__502: eth_phy_10g, 
reg__71: fpga__GC0, 
logic__2192: fpga__GC0, 
logic__539: eth_phy_10g, 
eth_phy_10g_rx_frame_sync: eth_phy_10g, 
reg__495: fpga__GC0, 
reg__397: fpga__GC0, 
muxpart__51: eth_phy_10g, 
logic__601: eth_phy_10g, 
extram__16: fpga__GC0, 
logic__2611: fpga__GC0, 
logic__418: eth_phy_10g, 
logic__1570: fpga__GC0, 
reg__234: fpga__GC0, 
case__599: fpga__GC0, 
logic__568: eth_phy_10g, 
reg__29: eth_phy_10g, 
logic__3323: fpga__GC0, 
logic__3: fpga__GC0, 
axis_async_fifo: fpga__GC0, 
logic__242: eth_phy_10g, 
case__475: fpga__GC0, 
logic__1090: fpga__GC0, 
logic__2176: fpga__GC0, 
logic__3433: fpga__GC0, 
logic__1331: fpga__GC0, 
logic__1741: fpga__GC0, 
case__282: fpga__GC0, 
logic__1397: fpga__GC0, 
logic__1221: fpga__GC0, 
logic__1410: fpga__GC0, 
logic__1421: fpga__GC0, 
reg__360: fpga__GC0, 
case__559: fpga__GC0, 
logic__66: eth_phy_10g, 
reg__188: fpga__GC0, 
reg__273: fpga__GC0, 
reg__145: fpga__GC0, 
ram__10: fpga__GC0, 
case__350: fpga__GC0, 
muxpart__178: fpga__GC0, 
case__526: fpga__GC0, 
logic__2876: fpga__GC0, 
logic__1542: fpga__GC0, 
logic__1466: fpga__GC0, 
reg__555: fpga__GC0, 
reg__26: eth_phy_10g, 
case__512: fpga__GC0, 
logic__1220: fpga__GC0, 
logic__1377: fpga__GC0, 
logic__2203: fpga__GC0, 
logic__120: eth_phy_10g, 
logic__1528: fpga__GC0, 
logic__1459: fpga__GC0, 
reg__350: fpga__GC0, 
logic__1896: fpga__GC0, 
logic__217: eth_phy_10g, 
eth_phy_10g_rx_watchdog: eth_phy_10g, 
reg__546: fpga__GC0, 
logic__1831: fpga__GC0, 
logic__1596: fpga__GC0, 
logic__3417: fpga__GC0, 
reg__75: fpga__GC0, 
case__443: fpga__GC0, 
logic__2746: fpga__GC0, 
logic__180: eth_phy_10g, 
logic__227: eth_phy_10g, 
reg__207: fpga__GC0, 
logic__136: eth_phy_10g, 
case__447: fpga__GC0, 
logic__259: eth_phy_10g, 
case__701: fpga__GC0, 
logic__2290: fpga__GC0, 
eth_phy_10g_rx_ber_mon: eth_phy_10g, 
datapath__89: fpga__GC0, 
logic__2504: fpga__GC0, 
logic__505: eth_phy_10g, 
logic__1259: fpga__GC0, 
logic__1902: fpga__GC0, 
logic__1517: fpga__GC0, 
logic__1472: fpga__GC0, 
case__376: fpga__GC0, 
logic__1781: fpga__GC0, 
reg__148: fpga__GC0, 
muxpart__33: eth_phy_10g, 
logic__681: fpga__GC0, 
reg__166: fpga__GC0, 
case__34: eth_phy_10g, 
case__16: eth_phy_10g, 
case__532: fpga__GC0, 
case__218: fpga__GC0, 
logic__2277: fpga__GC0, 
logic__808: fpga__GC0, 
reg__93: fpga__GC0, 
reg__585: fpga__GC0, 
case__226: fpga__GC0, 
case__340: fpga__GC0, 
case__656: fpga__GC0, 
logic__544: eth_phy_10g, 
case__284: fpga__GC0, 
logic__1214: fpga__GC0, 
logic__1663: fpga__GC0, 
logic__57: eth_phy_10g, 
reg__168: fpga__GC0, 
logic__2376: fpga__GC0, 
logic__911: fpga__GC0, 
reg__181: fpga__GC0, 
logic__660: fpga__GC0, 
logic__785: fpga__GC0, 
logic__3285: fpga__GC0, 
logic__1680: fpga__GC0, 
logic__1279: fpga__GC0, 
logic__1252: fpga__GC0, 
logic__1879: fpga__GC0, 
muxpart__136: fpga__GC0, 
datapath__46: fpga__GC0, 
logic__543: eth_phy_10g, 
logic__1903: fpga__GC0, 
logic__1378: fpga__GC0, 
logic__655: fpga__GC0, 
reg__539: fpga__GC0, 
reg__596: fpga__GC0, 
logic__1602: fpga__GC0, 
logic__1208: fpga__GC0, 
logic__321: eth_phy_10g, 
case__665: fpga__GC0, 
reg__563: fpga__GC0, 
logic__2122: fpga__GC0, 
reg__373: fpga__GC0, 
logic__503: eth_phy_10g, 
logic__650: fpga__GC0, 
muxpart__30: eth_phy_10g, 
logic__1010: fpga__GC0, 
logic__1845: fpga__GC0, 
logic__3229: fpga__GC0, 
reg__23: eth_phy_10g, 
eth_phy_10g_tx_if: eth_phy_10g, 
reg__559: fpga__GC0, 
logic__762: fpga__GC0, 
logic__496: eth_phy_10g, 
logic__2194: fpga__GC0, 
logic__79: eth_phy_10g, 
logic__1406: fpga__GC0, 
reg__54: eth_xcvr_phy_wrapper__GC0, 
logic__1547: fpga__GC0, 
logic__2052: fpga__GC0, 
logic__781: fpga__GC0, 
case__177: fpga__GC0, 
logic__411: eth_phy_10g, 
sync_reset__xdcDup__3: eth_xcvr_phy_wrapper__xdcDup__1__GC0, 
logic__2437: fpga__GC0, 
logic__3383: fpga__GC0, 
logic__3829: fpga__GC0, 
logic__593: eth_phy_10g, 
case__561: fpga__GC0, 
logic__1568: fpga__GC0, 
reg__212: fpga__GC0, 
reg__354: fpga__GC0, 
logic__3384: fpga__GC0, 
reg__202: fpga__GC0, 
muxpart__42: eth_phy_10g, 
logic__3784: fpga__GC0, 
reg__376: fpga__GC0, 
logic__1605: fpga__GC0, 
logic__365: eth_phy_10g, 
logic__582: eth_phy_10g, 
reg__601: fpga__GC0, 
logic__901: fpga__GC0, 
logic__230: eth_phy_10g, 
logic__2170: fpga__GC0, 
reg__72: fpga__GC0, 
reg__34: eth_phy_10g, 
logic__1461: fpga__GC0, 
logic__2172: fpga__GC0, 
logic__1367: fpga__GC0, 
case__301: fpga__GC0, 
logic__1308: fpga__GC0, 
reg__608: fpga__GC0, 
logic__1572: fpga__GC0, 
logic__1624: fpga__GC0, 
logic__1401: fpga__GC0, 
reg__271: fpga__GC0, 
logic__2677: fpga__GC0, 
logic__1909: fpga__GC0, 
reg__211: fpga__GC0, 
reg__220: fpga__GC0, 
logic__2359: fpga__GC0, 
logic__1151: fpga__GC0, 
reg__422: fpga__GC0, 
logic__2636: fpga__GC0, 
reg__88: fpga__GC0, 
logic__1507: fpga__GC0, 
case__43: fpga__GC0, 
case__121: fpga__GC0, 
logic__1904: fpga__GC0, 
reg__299: fpga__GC0, 
logic__2904: fpga__GC0, 
logic__1495: fpga__GC0, 
logic__1442: fpga__GC0, 
logic__1374: fpga__GC0, 
case__528: fpga__GC0, 
reg__439: fpga__GC0, 
logic__2212: fpga__GC0, 
logic__524: eth_phy_10g, 
logic__3502: fpga__GC0, 
udp_64: fpga__GC0, 
logic__2893: fpga__GC0, 
axis_fifo: fpga__GC0, 
logic__1627: fpga__GC0, 
logic__47: eth_phy_10g, 
case__191: fpga__GC0, 
logic__1411: fpga__GC0, 
reg__425: fpga__GC0, 
logic__1488: fpga__GC0, 
case__252: fpga__GC0, 
logic__611: eth_xcvr_phy_wrapper__GC0, 
logic__1402: fpga__GC0, 
case: fpga__GC0, 
ram__11: fpga__GC0, 
logic__2340: fpga__GC0, 
logic__1846: fpga__GC0, 
muxpart__59: fpga__GC0, 
logic__3801: fpga__GC0, 
reg__169: fpga__GC0, 
fpga_core: fpga__GC0, 
datapath__102: fpga__GC0, 
case__108: fpga__GC0, 
logic__2654: fpga__GC0, 
logic__1111: fpga__GC0, 
logic__1405: fpga__GC0, 
case__212: fpga__GC0, 
logic__80: eth_phy_10g, 
case__13: eth_phy_10g, 
case__591: fpga__GC0, 
logic__1647: fpga__GC0, 
case__9: eth_phy_10g, 
reg__300: fpga__GC0, 
case__127: fpga__GC0, 
logic__3181: fpga__GC0, 
logic__3254: fpga__GC0, 
logic__1764: fpga__GC0, 
logic__8: fpga__GC0, 
logic__2669: fpga__GC0, 
logic__1268: fpga__GC0, 
datapath__16: fpga__GC0, 
logic__1590: fpga__GC0, 
logic__35: eth_phy_10g, 
reg__477: fpga__GC0, 
logic__1672: fpga__GC0, 
logic__3246: fpga__GC0, 
logic__1712: fpga__GC0, 
logic__2058: fpga__GC0, 
logic__38: eth_phy_10g, 
datapath__15: fpga__GC0, 
muxpart__2: eth_phy_10g, 
case__489: fpga__GC0, 
logic__3428: fpga__GC0, 
muxpart__10: eth_phy_10g, 
case__579: fpga__GC0, 
case__253: fpga__GC0, 
case__156: fpga__GC0, 
muxpart__137: fpga__GC0, 
logic__1728: fpga__GC0, 
logic__1409: fpga__GC0, 
datapath: fpga__GC0, 
logic__2952: fpga__GC0, 
case__312: fpga__GC0, 
datapath__69: fpga__GC0, 
logic__3051: fpga__GC0, 
logic__50: eth_phy_10g, 
eth_phy_10g_rx_if: eth_phy_10g, 
logic__927: fpga__GC0, 
logic__424: eth_phy_10g, 
logic__1168: fpga__GC0, 
logic__151: eth_phy_10g, 
logic__518: eth_phy_10g, 
logic__2628: fpga__GC0, 
logic__2072: fpga__GC0, 
logic__2320: fpga__GC0, 
logic__1276: fpga__GC0, 
logic__49: eth_phy_10g, 
case__650: fpga__GC0, 
case__564: fpga__GC0, 
case__266: fpga__GC0, 
reg__85: fpga__GC0, 
logic__1416: fpga__GC0, 
logic__1552: fpga__GC0, 
logic__1786: fpga__GC0, 
logic__1877: fpga__GC0, 
logic__1150: fpga__GC0, 
reg__203: fpga__GC0, 
case__407: fpga__GC0, 
logic__1283: fpga__GC0, 
datapath__51: fpga__GC0, 
logic__2708: fpga__GC0, 
reg__423: fpga__GC0, 
logic__2098: fpga__GC0, 
logic__515: eth_phy_10g, 
case__254: fpga__GC0, 
case__4: eth_phy_10g, 
muxpart__97: fpga__GC0, 
case__390: fpga__GC0, 
logic__1652: fpga__GC0, 
logic__1783: fpga__GC0, 
case__655: fpga__GC0, 
reg__385: fpga__GC0, 
reg__216: fpga__GC0, 
logic__3189: fpga__GC0, 
logic__1849: fpga__GC0, 
reg__544: fpga__GC0, 
case__170: fpga__GC0, 
case__433: fpga__GC0, 
logic__3459: fpga__GC0, 
case__507: fpga__GC0, 
reg__182: fpga__GC0, 
logic__606: eth_xcvr_phy_wrapper__parameterized0__xdcDup__1__GC0, 
reg__96: fpga__GC0, 
case__535: fpga__GC0, 
case__402: fpga__GC0, 
logic__1299: fpga__GC0, 
reg__494: fpga__GC0, 
logic__340: eth_phy_10g, 
logic__3281: fpga__GC0, 
logic__1898: fpga__GC0, 
logic__490: eth_phy_10g, 
case__626: fpga__GC0, 
logic__529: eth_phy_10g, 
logic__1872: fpga__GC0, 
logic__3614: fpga__GC0, 
reg__191: fpga__GC0, 
logic__666: fpga__GC0, 
logic__1688: fpga__GC0, 
logic__861: fpga__GC0, 
case__268: fpga__GC0, 
case__172: fpga__GC0, 
logic__25: eth_phy_10g, 
case__89: fpga__GC0, 
logic__1329: fpga__GC0, 
logic__1364: fpga__GC0, 
case__114: fpga__GC0, 
logic__3282: fpga__GC0, 
lfsr__parameterized8: fpga__GC0, 
reg__248: fpga__GC0, 
logic__1159: fpga__GC0, 
logic__236: eth_phy_10g, 
logic__1369: fpga__GC0, 
ip_complete_64: fpga__GC0, 
logic__1429: fpga__GC0, 
logic__116: eth_phy_10g, 
logic__1218: fpga__GC0, 
logic__508: eth_phy_10g, 
logic__1829: fpga__GC0, 
case__690: fpga__GC0, 
logic__1425: fpga__GC0, 
logic__929: fpga__GC0, 
ram__3: fpga__GC0, 
logic__1644: fpga__GC0, 
extram: fpga__GC0, 
case__109: fpga__GC0, 
logic__2572: fpga__GC0, 
logic__3227: fpga__GC0, 
logic__1632: fpga__GC0, 
logic__2309: fpga__GC0, 
logic__1715: fpga__GC0, 
logic__479: eth_phy_10g, 
eth_xcvr_phy_wrapper__parameterized0__xdcDup__2__GC0: eth_xcvr_phy_wrapper__parameterized0__xdcDup__2__GC0, 
logic__1691: fpga__GC0, 
case__180: fpga__GC0, 
logic__77: eth_phy_10g, 
datapath__73: fpga__GC0, 
logic__1076: fpga__GC0, 
sync_reset__xdcDup__6: eth_xcvr_phy_wrapper__parameterized0__xdcDup__2__GC0, 
logic__1713: fpga__GC0, 
logic__2550: fpga__GC0, 
case__455: fpga__GC0, 
reg__146: fpga__GC0, 
logic__618: eth_xcvr_phy_wrapper__parameterized0__GC0, 
case__260: fpga__GC0, 
case__510: fpga__GC0, 
reg__183: fpga__GC0, 
logic__1112: fpga__GC0, 
logic__651: fpga__GC0, 
case__52: fpga__GC0, 
logic__90: eth_phy_10g, 
lfsr__parameterized1: eth_phy_10g, 
reg__8: eth_xcvr_phy_wrapper__xdcDup__1__GC0, 
logic__638: fpga__GC0, 
logic__186: eth_phy_10g, 
logic__1073: fpga__GC0, 
logic__1580: fpga__GC0, 
logic__3634: fpga__GC0, 
case__289: fpga__GC0, 
logic__1510: fpga__GC0, 
logic__1549: fpga__GC0, 
logic__1987: fpga__GC0, 
logic__1662: fpga__GC0, 
case__403: fpga__GC0, 
logic__1431: fpga__GC0, 
logic__2258: fpga__GC0, 
reg__529: fpga__GC0, 
logic__2368: fpga__GC0, 
case__196: fpga__GC0, 
logic__3762: fpga__GC0, 
logic__1275: fpga__GC0, 
logic__678: fpga__GC0, 
logic__750: fpga__GC0, 
reg__329: fpga__GC0, 
logic__1842: fpga__GC0, 
case__256: fpga__GC0, 
logic__1465: fpga__GC0, 
logic__7: fpga__GC0, 
logic__795: fpga__GC0, 
logic__742: fpga__GC0, 
case__488: fpga__GC0, 
reg__309: fpga__GC0, 
logic__1482: fpga__GC0, 
logic__714: fpga__GC0, 
reg__260: fpga__GC0, 
muxpart__62: fpga__GC0, 
logic__1349: fpga__GC0, 
logic__1922: fpga__GC0, 
reg__525: fpga__GC0, 
logic__388: eth_phy_10g, 
case__358: fpga__GC0, 
logic__187: eth_phy_10g, 
reg__249: fpga__GC0, 
logic__2559: fpga__GC0, 
case__303: fpga__GC0, 
logic__1516: fpga__GC0, 
logic__1026: fpga__GC0, 
logic__691: fpga__GC0, 
case__515: fpga__GC0, 
case__636: fpga__GC0, 
logic__1539: fpga__GC0, 
reg__306: fpga__GC0, 
lfsr: eth_phy_10g, 
logic__456: eth_phy_10g, 
case__115: fpga__GC0, 
logic__625: fpga__GC0, 
logic__2872: fpga__GC0, 
logic__1850: fpga__GC0, 
logic__1256: fpga__GC0, 
logic__2324: fpga__GC0, 
logic__1866: fpga__GC0, 
logic__1025: fpga__GC0, 
reg__301: fpga__GC0, 
reg__523: fpga__GC0, 
logic__754: fpga__GC0, 
reg__84: fpga__GC0, 
logic__1653: fpga__GC0, 
logic__3201: fpga__GC0, 
logic__2761: fpga__GC0, 
datapath__100: fpga__GC0, 
reg__30: eth_phy_10g, 
logic__1435: fpga__GC0, 
case__245: fpga__GC0, 
logic__2565: fpga__GC0, 
reg__104: fpga__GC0, 
logic__628: fpga__GC0, 
reg__493: fpga__GC0, 
logic__342: eth_phy_10g, 
reg__468: fpga__GC0, 
logic__2220: fpga__GC0, 
logic__1711: fpga__GC0, 
case__645: fpga__GC0, 
logic__1502: fpga__GC0, 
case__505: fpga__GC0, 
logic__592: eth_phy_10g, 
reg__97: fpga__GC0, 
case__136: fpga__GC0, 
logic__105: eth_phy_10g, 
case__451: fpga__GC0, 
logic__1246: fpga__GC0, 
case__543: fpga__GC0, 
logic__3432: fpga__GC0, 
datapath__66: fpga__GC0, 
logic__1070: fpga__GC0, 
datapath__26: fpga__GC0, 
udp_ip_rx_64: fpga__GC0, 
case__698: fpga__GC0, 
reg__370: fpga__GC0, 
logic__2885: fpga__GC0, 
case__128: fpga__GC0, 
logic__2204: fpga__GC0, 
reg__256: fpga__GC0, 
logic__1693: fpga__GC0, 
reg__80: fpga__GC0, 
logic__132: eth_phy_10g, 
case__482: fpga__GC0, 
logic__22: eth_phy_10g, 
case__217: fpga__GC0, 
logic__1079: fpga__GC0, 
logic__273: eth_phy_10g, 
reg__161: fpga__GC0, 
logic__182: eth_phy_10g, 
logic__3231: fpga__GC0, 
logic__3456: fpga__GC0, 
logic__1469: fpga__GC0, 
axis_xgmii_rx_64: fpga__GC0, 
logic__1415: fpga__GC0, 
reg__244: fpga__GC0, 
logic__1791: fpga__GC0, 
reg__98: fpga__GC0, 
reg__445: fpga__GC0, 
reg__552: fpga__GC0, 
case__399: fpga__GC0, 
logic__668: fpga__GC0, 
udp_complete_64: fpga__GC0, 
counter__11: fpga__GC0, 
case__5: eth_phy_10g, 
logic__674: fpga__GC0, 
reg__383: fpga__GC0, 
logic__1303: fpga__GC0, 
reg__125: fpga__GC0, 
logic__100: eth_phy_10g, 
logic__1868: fpga__GC0, 
logic__1074: fpga__GC0, 
logic__3660: fpga__GC0, 
datapath__25: fpga__GC0, 
reg__315: fpga__GC0, 
reg__334: fpga__GC0, 
logic__2189: fpga__GC0, 
logic__952: fpga__GC0, 
case__120: fpga__GC0, 
sync_reset__xdcDup__9: eth_xcvr_phy_wrapper__parameterized0__xdcDup__3__GC0, 
reg__36: eth_phy_10g, 
logic__1655: fpga__GC0, 
logic__686: fpga__GC0, 
muxpart__138: fpga__GC0, 
case__373: fpga__GC0, 
logic__2724: fpga__GC0, 
reg__167: fpga__GC0, 
logic__3448: fpga__GC0, 
muxpart__187: fpga__GC0, 
reg__152: fpga__GC0, 
logic__683: fpga__GC0, 
logic__1558: fpga__GC0, 
logic__1375: fpga__GC0, 
logic__1270: fpga__GC0, 
logic__1972: fpga__GC0, 
case__536: fpga__GC0, 
logic__114: eth_phy_10g, 
logic__2353: fpga__GC0, 
logic__570: eth_phy_10g, 
logic__2846: fpga__GC0, 
logic__946: fpga__GC0, 
logic__1610: fpga__GC0, 
reg__149: fpga__GC0, 
logic__1792: fpga__GC0, 
sync_reset__xdcDup__7: eth_xcvr_phy_wrapper__parameterized0__xdcDup__2__GC0, 
case__494: fpga__GC0, 
logic__1756: fpga__GC0, 
logic__2186: fpga__GC0, 
logic__91: eth_phy_10g, 
logic__398: eth_phy_10g, 
extram__3: fpga__GC0, 
reg__192: fpga__GC0, 
logic__828: fpga__GC0, 
logic__735: fpga__GC0, 
logic__749: fpga__GC0, 
logic__719: fpga__GC0, 
logic__2145: fpga__GC0, 
reg__245: fpga__GC0, 
logic__2690: fpga__GC0, 
muxpart__60: fpga__GC0, 
logic__976: fpga__GC0, 
logic__773: fpga__GC0, 
logic__1606: fpga__GC0, 
logic__1212: fpga__GC0, 
case__653: fpga__GC0, 
logic__1717: fpga__GC0, 
logic__1718: fpga__GC0, 
reg__113: fpga__GC0, 
case__176: fpga__GC0, 
logic__2445: fpga__GC0, 
logic__3628: fpga__GC0, 
datapath__101: fpga__GC0, 
case__45: fpga__GC0, 
case__208: fpga__GC0, 
logic__584: eth_phy_10g, 
logic__1239: fpga__GC0, 
reg__12: eth_phy_10g, 
reg__171: fpga__GC0, 
case__574: fpga__GC0, 
extram__17: fpga__GC0, 
case__555: fpga__GC0, 
case__351: fpga__GC0, 
logic__1533: fpga__GC0, 
reg__174: fpga__GC0, 
logic__1478: fpga__GC0, 
case__367: fpga__GC0, 
reg__50: eth_xcvr_phy_wrapper__parameterized0__xdcDup__2__GC0, 
case__441: fpga__GC0, 
logic__2933: fpga__GC0, 
reg__233: fpga__GC0, 
logic__443: eth_phy_10g, 
case__395: fpga__GC0, 
case__501: fpga__GC0, 
logic__2313: fpga__GC0, 
logic__1309: fpga__GC0, 
logic__809: fpga__GC0, 
logic__215: eth_phy_10g, 
logic__1742: fpga__GC0, 
logic__799: fpga__GC0, 
case__641: fpga__GC0, 
logic__1945: fpga__GC0, 
case__578: fpga__GC0, 
logic__233: eth_phy_10g, 
logic__707: fpga__GC0, 
logic__1615: fpga__GC0, 
logic__675: fpga__GC0, 
reg__357: fpga__GC0, 
logic__176: eth_phy_10g, 
reg__185: fpga__GC0, 
case__192: fpga__GC0, 
reg__128: fpga__GC0, 
logic__684: fpga__GC0, 
logic__3422: fpga__GC0, 
logic__1357: fpga__GC0, 
logic__801: fpga__GC0, 
logic__1677: fpga__GC0, 
logic__168: eth_phy_10g, 
logic__2169: fpga__GC0, 
reg__382: fpga__GC0, 
logic__428: eth_phy_10g, 
reg__573: fpga__GC0, 
case__262: fpga__GC0, 
logic__51: eth_phy_10g, 
reg__201: fpga__GC0, 
logic__2248: fpga__GC0, 
reg__33: eth_phy_10g, 
reg__39: eth_phy_10g, 
logic__3186: fpga__GC0, 
logic__2619: fpga__GC0, 
logic__223: eth_phy_10g, 
logic__1954: fpga__GC0, 
logic__3665: fpga__GC0, 
muxpart__36: eth_phy_10g, 
logic__1695: fpga__GC0, 
logic__115: eth_phy_10g, 
reg__252: fpga__GC0, 
logic__1366: fpga__GC0, 
case__231: fpga__GC0, 
logic__3664: fpga__GC0, 
logic__1267: fpga__GC0, 
logic__1873: fpga__GC0, 
logic__3260: fpga__GC0, 
logic__3104: fpga__GC0, 
logic__1403: fpga__GC0, 
case__133: fpga__GC0, 
case__142: fpga__GC0, 
logic__2351: fpga__GC0, 
case__577: fpga__GC0, 
logic__1392: fpga__GC0, 
reg__602: fpga__GC0, 
reg__599: fpga__GC0, 
case__580: fpga__GC0, 
reg__53: eth_xcvr_phy_wrapper__GC0, 
logic__1301: fpga__GC0, 
reg__606: fpga__GC0, 
logic__1206: fpga__GC0, 
logic__1669: fpga__GC0, 
muxpart__208: fpga__GC0, 
case__459: fpga__GC0, 
case__200: fpga__GC0, 
logic__172: eth_phy_10g, 
case__49: fpga__GC0, 
logic__1553: fpga__GC0, 
logic__1341: fpga__GC0, 
case__369: fpga__GC0, 
logic__2080: fpga__GC0, 
reg__83: fpga__GC0, 
logic__1690: fpga__GC0, 
logic__1458: fpga__GC0, 
reg__462: fpga__GC0, 
case__389: fpga__GC0, 
logic__1339: fpga__GC0, 
logic__126: eth_phy_10g, 
logic__2564: fpga__GC0, 
datapath__97: fpga__GC0, 
case__503: fpga__GC0, 
ip_eth_tx_64: fpga__GC0, 
reg__193: fpga__GC0, 
case__237: fpga__GC0, 
case__533: fpga__GC0, 
reg__375: fpga__GC0, 
logic__1551: fpga__GC0, 
case__444: fpga__GC0, 
logic__2226: fpga__GC0, 
case__594: fpga__GC0, 
case__300: fpga__GC0, 
case__184: fpga__GC0, 
sync_reset__xdcDup__5: eth_xcvr_phy_wrapper__parameterized0__xdcDup__1__GC0, 
logic__1456: fpga__GC0, 
logic__1210: fpga__GC0, 
reg__295: fpga__GC0, 
logic__1035: fpga__GC0, 
reg__115: fpga__GC0, 
logic__3431: fpga__GC0, 
logic__516: eth_phy_10g, 
logic__2117: fpga__GC0, 
reg__118: fpga__GC0, 
case__689: fpga__GC0, 
logic__2408: fpga__GC0, 
muxpart__73: fpga__GC0, 
logic__475: eth_phy_10g, 
logic__339: eth_phy_10g, 
reg__505: fpga__GC0, 
case__572: fpga__GC0, 
muxpart__180: fpga__GC0, 
reg__310: fpga__GC0, 
reg__69: fpga__GC0, 
logic__2747: fpga__GC0, 
logic__93: eth_phy_10g, 
logic__709: fpga__GC0, 
logic__2352: fpga__GC0, 
reg__572: fpga__GC0, 
logic__1907: fpga__GC0, 
logic__318: eth_phy_10g, 
reg__517: fpga__GC0, 
logic__131: eth_phy_10g, 
datapath__85: fpga__GC0, 
logic__1813: fpga__GC0, 
case__74: fpga__GC0, 
logic__271: eth_phy_10g, 
logic__528: eth_phy_10g, 
logic__2857: fpga__GC0, 
logic__594: eth_phy_10g, 
logic__2720: fpga__GC0, 
logic__2193: fpga__GC0, 
logic__2071: fpga__GC0, 
logic__3508: fpga__GC0, 
reg__502: fpga__GC0, 
logic__1236: fpga__GC0, 
logic__1600: fpga__GC0, 
logic__1765: fpga__GC0, 
case__119: fpga__GC0, 
logic__526: eth_phy_10g, 
reg__498: fpga__GC0, 
eth_xcvr_gt_channel: eth_xcvr_phy_wrapper__parameterized0__GC0, eth_xcvr_phy_wrapper__parameterized0__xdcDup__5__GC0, eth_xcvr_phy_wrapper__parameterized0__xdcDup__4__GC0, eth_xcvr_phy_wrapper__parameterized0__xdcDup__3__GC0, eth_xcvr_phy_wrapper__parameterized0__xdcDup__2__GC0, eth_xcvr_phy_wrapper__parameterized0__xdcDup__1__GC0, 
logic__128: eth_phy_10g, 
logic__1640: fpga__GC0, 
reg__341: fpga__GC0, 
logic__431: eth_phy_10g, 
counter__1: eth_phy_10g, 
axis_async_fifo__parameterized0: fpga__GC0, 
logic__3247: fpga__GC0, 
datapath__72: fpga__GC0, 
case__516: fpga__GC0, 
logic__2770: fpga__GC0, 
logic__3335: fpga__GC0, 
reg__456: fpga__GC0, 
reg__219: fpga__GC0, 
reg__111: fpga__GC0, 
logic__3397: fpga__GC0, 
logic__572: eth_phy_10g, 
logic__1440: fpga__GC0, 
reg__195: fpga__GC0, 
logic__3382: fpga__GC0, 
logic__728: fpga__GC0, 
case__694: fpga__GC0, 
case__481: fpga__GC0, 
logic__1666: fpga__GC0, 
logic__1818: fpga__GC0, 
logic__1621: fpga__GC0, 
logic__3273: fpga__GC0, 
logic__3089: fpga__GC0, 
logic__1865: fpga__GC0, 
logic__2678: fpga__GC0, 
logic__423: eth_phy_10g, 
logic__703: fpga__GC0, 
sync_reset__xdcDup__11: eth_xcvr_phy_wrapper__GC0, 
muxpart__48: eth_phy_10g, 
ip_eth_rx_64: fpga__GC0, 
logic__2481: fpga__GC0, 
reg__28: eth_phy_10g, 
logic__421: eth_phy_10g, 
logic__722: fpga__GC0, 
reg__81: fpga__GC0, 
logic__141: eth_phy_10g, 
logic__2401: fpga__GC0, 
reg__276: fpga__GC0, 
logic__1255: fpga__GC0, 
case__30: eth_phy_10g, 
logic__1707: fpga__GC0, 
logic__1223: fpga__GC0, 
logic__2863: fpga__GC0, 
case__116: fpga__GC0, 
logic__307: eth_phy_10g, 
logic__665: fpga__GC0, 
logic__95: eth_phy_10g, 
reg__255: fpga__GC0, 
case__683: fpga__GC0, 
case__688: fpga__GC0, 
logic__1555: fpga__GC0, 
logic__148: eth_phy_10g, 
reg__460: fpga__GC0, 
case__65: fpga__GC0, 
logic__586: eth_phy_10g, 
logic__1579: fpga__GC0, 
muxpart__184: fpga__GC0, 
logic__2663: fpga__GC0, 
logic__739: fpga__GC0, 
logic__55: eth_phy_10g, 
reg__307: fpga__GC0, 
case__124: fpga__GC0, 
case__657: fpga__GC0, 
logic__1012: fpga__GC0, 
logic__108: eth_phy_10g, 
logic__3504: fpga__GC0, 
logic__1657: fpga__GC0, 
case__151: fpga__GC0, 
reg__258: fpga__GC0, 
logic__2505: fpga__GC0, 
logic__27: eth_phy_10g, 
logic__2563: fpga__GC0, 
logic__1585: fpga__GC0, 
logic__1633: fpga__GC0, 
logic__546: eth_phy_10g, 
case__72: fpga__GC0, 
logic__3042: fpga__GC0, 
reg__153: fpga__GC0, 
case__398: fpga__GC0, 
reg__15: eth_phy_10g, 
logic__3766: fpga__GC0, 
reg__508: fpga__GC0, 
logic__1803: fpga__GC0, 
logic__892: fpga__GC0, 
datapath__38: fpga__GC0, 
logic__3339: fpga__GC0, 
logic__581: eth_phy_10g, 
logic__696: fpga__GC0, 
case__705: fpga__GC0, 
reg__479: fpga__GC0, 
muxpart__100: fpga__GC0, 
reg__326: fpga__GC0, 
logic__278: eth_phy_10g, 
case__308: fpga__GC0, 
case__562: fpga__GC0, 
logic__730: fpga__GC0, 
muxpart__35: eth_phy_10g, 
logic__1370: fpga__GC0, 
logic__3238: fpga__GC0, 
logic__1209: fpga__GC0, 
logic__1290: fpga__GC0, 
reg__335: fpga__GC0, 
reg__314: fpga__GC0, 
logic__1387: fpga__GC0, 
logic__3832: fpga__GC0, 
reg__302: fpga__GC0, 
logic__1650: fpga__GC0, 
case__687: fpga__GC0, 
case__640: fpga__GC0, 
datapath__39: fpga__GC0, 
reg__158: fpga__GC0, 
logic__909: fpga__GC0, 
logic__1544: fpga__GC0, 
muxpart__71: fpga__GC0, 
logic__1376: fpga__GC0, 
logic__1439: fpga__GC0, 
logic__1777: fpga__GC0, 
case__35: eth_phy_10g, 
case__537: fpga__GC0, 
logic__3320: fpga__GC0, 
logic__2222: fpga__GC0, 
datapath__12: fpga__GC0, 
logic__1106: fpga__GC0, 
case__634: fpga__GC0, 
logic__723: fpga__GC0, 
logic__1830: fpga__GC0, 
reg__119: fpga__GC0, 
logic__1574: fpga__GC0, 
logic__664: fpga__GC0, 
case__502: fpga__GC0, 
case__495: fpga__GC0, 
case__81: fpga__GC0, 
logic__549: eth_phy_10g, 
logic__1034: fpga__GC0, 
logic__396: eth_phy_10g, 
logic__3438: fpga__GC0, 
reg__55: eth_xcvr_phy_wrapper__parameterized0__xdcDup__4__GC0, 
logic__436: eth_phy_10g, 
logic__600: eth_phy_10g, 
logic__1082: fpga__GC0, 
logic__1497: fpga__GC0, 
logic__2236: fpga__GC0, 
logic__1583: fpga__GC0, 
case__155: fpga__GC0, 
case__48: fpga__GC0, 
logic__647: fpga__GC0, 
case__64: fpga__GC0, 
logic__689: fpga__GC0, 
logic__791: fpga__GC0, 
logic__1383: fpga__GC0, 
case__517: fpga__GC0, 
case__699: fpga__GC0, 
extram__21: fpga__GC0, 
case__708: fpga__GC0, 
case__251: fpga__GC0, 
logic__2393: fpga__GC0, 
logic__2781: fpga__GC0, 
logic__662: fpga__GC0, 
logic__1157: fpga__GC0, 
logic__1205: fpga__GC0, 
reg__362: fpga__GC0, 
logic__642: fpga__GC0, 
reg__604: fpga__GC0, 
logic__1238: fpga__GC0, 
case__360: fpga__GC0, 
logic__846: fpga__GC0, 
logic__417: eth_phy_10g, 
logic__939: fpga__GC0, 
logic__3268: fpga__GC0, 
reg__279: fpga__GC0, 
logic__2221: fpga__GC0, 
logic__2397: fpga__GC0, 
logic__2418: fpga__GC0, 
datapath__65: fpga__GC0, 
logic__2361: fpga__GC0, 
logic__58: eth_phy_10g, 
logic__1215: fpga__GC0, 
logic__1613: fpga__GC0, 
logic__3455: fpga__GC0, 
case__261: fpga__GC0, 
logic__446: eth_phy_10g, 
logic__1211: fpga__GC0, 
case__598: fpga__GC0, 
case__452: fpga__GC0, 
case__557: fpga__GC0, 
reg__126: fpga__GC0, 
reg__595: fpga__GC0, 
case__171: fpga__GC0, 
logic__1158: fpga__GC0, 
reg__518: fpga__GC0, 
case__518: fpga__GC0, 
case__363: fpga__GC0, 
logic__2242: fpga__GC0, 
extram__9: fpga__GC0, 
logic__1625: fpga__GC0, 
case__78: fpga__GC0, 
case__244: fpga__GC0, 
case__123: fpga__GC0, 
case__228: fpga__GC0, 
logic__1075: fpga__GC0, 
logic__1011: fpga__GC0, 
reg__483: fpga__GC0, 
logic__2050: fpga__GC0, 
reg__459: fpga__GC0, 
logic__181: eth_phy_10g, 
logic__2305: fpga__GC0, 
reg__588: fpga__GC0, 
case__6: eth_phy_10g, 
logic__2548: fpga__GC0, 
counter__4: eth_phy_10g, 
logic__324: eth_phy_10g, 
case__307: fpga__GC0, 
logic__1293: fpga__GC0, 
logic__715: fpga__GC0, 
reg__522: fpga__GC0, 
logic__175: eth_phy_10g, 
logic__826: fpga__GC0, 
reg__580: fpga__GC0, 
reg__324: fpga__GC0, 
case__483: fpga__GC0, 
logic__823: fpga__GC0, 
logic__1496: fpga__GC0, 
case__563: fpga__GC0, 
datapath__5: eth_phy_10g, 
logic__1175: fpga__GC0, 
logic__955: fpga__GC0, 
axis_async_fifo_adapter: fpga__GC0, 
logic__2523: fpga__GC0, 
logic__1024: fpga__GC0, 
reg__501: fpga__GC0, 
reg__428: fpga__GC0, 
logic__88: eth_phy_10g, 
reg__590: fpga__GC0, 
logic__614: eth_xcvr_phy_wrapper__parameterized0__xdcDup__4__GC0, 
logic__918: fpga__GC0, 
logic__1110: fpga__GC0, 
case__642: fpga__GC0, 
logic__62: eth_phy_10g, 
logic__562: eth_phy_10g, 
case__379: fpga__GC0, 
reg__418: fpga__GC0, 
reg__236: fpga__GC0, 
signinv: fpga__GC0, 
reg__59: eth_xcvr_phy_wrapper__parameterized0__GC0, 
datapath__80: fpga__GC0, 
logic__824: fpga__GC0, 
case__148: fpga__GC0, 
logic__966: fpga__GC0, 
logic__1825: fpga__GC0, 
logic__4: fpga__GC0, 
case__159: fpga__GC0, 
logic__2896: fpga__GC0, 
logic__2620: fpga__GC0, 
logic__442: eth_phy_10g, 
logic__1910: fpga__GC0, 
reg__429: fpga__GC0, 
reg__7: eth_xcvr_phy_wrapper__xdcDup__1__GC0, 
logic__2946: fpga__GC0, 
logic__1759: fpga__GC0, 
reg__391: fpga__GC0, 
logic__1262: fpga__GC0, 
logic__308: eth_phy_10g, 
reg__136: fpga__GC0, 
datapath__68: fpga__GC0, 
datapath__44: fpga__GC0, 
reg__228: fpga__GC0, 
logic__746: fpga__GC0, 
logic__1888: fpga__GC0, 
logic__474: eth_phy_10g, 
logic__1288: fpga__GC0, 
case__112: fpga__GC0, 
reg__368: fpga__GC0, 
logic__37: eth_phy_10g, 
logic__843: fpga__GC0, 
logic__813: fpga__GC0, 
logic__1665: fpga__GC0, 
datapath__76: fpga__GC0, 
logic__1413: fpga__GC0, 
ram__18: fpga__GC0, 
logic__87: eth_phy_10g, 
logic__893: fpga__GC0, 
logic__2338: fpga__GC0, 
logic__1463: fpga__GC0, 
logic__1291: fpga__GC0, 
case__296: fpga__GC0, 
logic__641: fpga__GC0, 
logic__2130: fpga__GC0, 
logic__658: fpga__GC0, 
reg__275: fpga__GC0, 
logic__634: fpga__GC0, 
logic__1839: fpga__GC0, 
logic__405: eth_phy_10g, 
logic__1656: fpga__GC0, 
case__649: fpga__GC0, 
case__80: fpga__GC0, 
case__311: fpga__GC0, 
logic__1242: fpga__GC0, 
case__595: fpga__GC0, 
logic__3235: fpga__GC0, 
logic__1353: fpga__GC0, 
logic__1284: fpga__GC0, 
case__704: fpga__GC0, 
logic__525: eth_phy_10g, 
logic__1513: fpga__GC0, 
logic__3352: fpga__GC0, 
logic__1520: fpga__GC0, 
case__288: fpga__GC0, 
logic__2125: fpga__GC0, 
logic__412: eth_phy_10g, 
logic__1362: fpga__GC0, 
case__24: eth_phy_10g, 
reg__49: eth_xcvr_phy_wrapper__parameterized0__xdcDup__2__GC0, 
reg__448: fpga__GC0, 
logic__285: eth_phy_10g, 
logic__922: fpga__GC0, 
reg__403: fpga__GC0, 
case__83: fpga__GC0, 
logic__1450: fpga__GC0, 
logic__811: fpga__GC0, 
logic__3813: fpga__GC0, 
logic__160: eth_phy_10g, 
logic__951: fpga__GC0, 
logic__1848: fpga__GC0, 
logic__3834: fpga__GC0, 
logic__1264: fpga__GC0, 
logic__2153: fpga__GC0, 
case__571: fpga__GC0, 
logic__3514: fpga__GC0, 
counter: eth_phy_10g, 
logic__3807: fpga__GC0, 
reg__176: fpga__GC0, 
extram__22: fpga__GC0, 
reg__434: fpga__GC0, 
reg__340: fpga__GC0, 
logic__630: fpga__GC0, 
logic__1915: fpga__GC0, 
logic__654: fpga__GC0, 
logic__751: fpga__GC0, 
logic__1467: fpga__GC0, 
reg__138: fpga__GC0, 
sync_reset__xdcDup__13: eth_xcvr_phy_wrapper__parameterized0__xdcDup__4__GC0, 
case__652: fpga__GC0, 
logic__36: eth_phy_10g, 
logic: fpga__GC0, 
logic__74: eth_phy_10g, 
logic__1371: fpga__GC0, 
case__684: fpga__GC0, 
logic__1178: fpga__GC0, 
logic__134: eth_phy_10g, 
logic__3450: fpga__GC0, 
logic__2897: fpga__GC0, 
logic__2434: fpga__GC0, 
reg__369: fpga__GC0, 
reg__392: fpga__GC0, 
reg__325: fpga__GC0, 
case__158: fpga__GC0, 
logic__1545: fpga__GC0, 
logic__2334: fpga__GC0, 
case__29: eth_phy_10g, 
logic__3123: fpga__GC0, 
logic__1917: fpga__GC0, 
logic__2497: fpga__GC0, 
logic__3115: fpga__GC0, 
logic__102: eth_phy_10g, 
logic__2517: fpga__GC0, 
counter__3: eth_phy_10g, 
muxpart__53: eth_phy_10g, 
case__374: fpga__GC0, 
logic__533: eth_phy_10g, 
logic__1668: fpga__GC0, 
logic__1163: fpga__GC0, 
logic__96: eth_phy_10g, 
logic__3418: fpga__GC0, 
case__277: fpga__GC0, 
case__436: fpga__GC0, 
case__143: fpga__GC0, 
logic__1794: fpga__GC0, 
reg__205: fpga__GC0, 
logic__797: fpga__GC0, 
reg__484: fpga__GC0, 
logic__1224: fpga__GC0, 
logic__580: eth_phy_10g, 
reg__162: fpga__GC0, 
logic__1384: fpga__GC0, 
logic__1311: fpga__GC0, 
reg__41: eth_phy_10g, 
logic__1282: fpga__GC0, 
reg__311: fpga__GC0, 
logic__1473: fpga__GC0, 
datapath__45: fpga__GC0, 
case__511: fpga__GC0, 
logic__2037: fpga__GC0, 
logic__1407: fpga__GC0, 
muxpart__63: fpga__GC0, 
logic__3467: fpga__GC0, 
logic__1530: fpga__GC0, 
reg__108: fpga__GC0, 
logic__1630: fpga__GC0, 
logic__1386: fpga__GC0, 
logic__1310: fpga__GC0, 
muxpart__16: eth_phy_10g, 
logic__1078: fpga__GC0, 
logic__248: eth_phy_10g, 
logic__2638: fpga__GC0, 
case__696: fpga__GC0, 
logic__76: eth_phy_10g, 
reg__155: fpga__GC0, 
logic__112: eth_phy_10g, 
logic__98: eth_phy_10g, 
case__36: eth_phy_10g, 
logic__2358: fpga__GC0, 
logic__3812: fpga__GC0, 
logic__2913: fpga__GC0, 
logic__2041: fpga__GC0, 
datapath__98: fpga__GC0, 
logic__1444: fpga__GC0, 
logic__521: eth_phy_10g, 
logic__3298: fpga__GC0, 
extram__2: fpga__GC0, 
logic__1300: fpga__GC0, 
logic__3297: fpga__GC0, 
logic__1508: fpga__GC0, 
case__647: fpga__GC0, 
logic__3386: fpga__GC0, 
reg__409: fpga__GC0, 
logic__1700: fpga__GC0, 
reg__101: fpga__GC0, 
logic__402: eth_phy_10g, 
logic__1750: fpga__GC0, 
logic__3206: fpga__GC0, 
reg__127: fpga__GC0, 
logic__1629: fpga__GC0, 
case__157: fpga__GC0, 
logic__1169: fpga__GC0, 
reg__304: fpga__GC0, 
logic__2555: fpga__GC0, 
logic__159: eth_phy_10g, 
logic__3613: fpga__GC0, 
logic__199: eth_phy_10g, 
case__71: fpga__GC0, 
logic__85: eth_phy_10g, 
logic__690: fpga__GC0, 
logic__1232: fpga__GC0, 
reg__131: fpga__GC0, 
logic__1152: fpga__GC0, 
logic__143: eth_phy_10g, 
case__356: fpga__GC0, 
lfsr__parameterized10: fpga__GC0, 
logic__3117: fpga__GC0, 
logic__1840: fpga__GC0, 
logic__1388: fpga__GC0, 
case__697: fpga__GC0, 
logic__3640: fpga__GC0, 
logic__451: eth_phy_10g, 
logic__608: eth_xcvr_phy_wrapper__parameterized0__xdcDup__2__GC0, 
case__248: fpga__GC0, 
logic__122: eth_phy_10g, 
logic__3135: fpga__GC0, 
logic__563: eth_phy_10g, 
datapath__71: fpga__GC0, 
logic__680: fpga__GC0, 
logic__954: fpga__GC0, 
logic__3381: fpga__GC0, 
case__553: fpga__GC0, 
logic__1969: fpga__GC0, 
reg__452: fpga__GC0, 
case__388: fpga__GC0, 
logic__287: eth_phy_10g, 
logic__555: eth_phy_10g, 
logic__3170: fpga__GC0, 
logic__1504: fpga__GC0, 
case__445: fpga__GC0, 
logic__1738: fpga__GC0, 
datapath__13: fpga__GC0, 
case__165: fpga__GC0, 
logic__3761: fpga__GC0, 
reg__442: fpga__GC0, 
logic__1897: fpga__GC0, 
case__206: fpga__GC0, 
logic__3073: fpga__GC0, 
logic__2162: fpga__GC0, 
logic__2733: fpga__GC0, 
logic__1722: fpga__GC0, 
case__211: fpga__GC0, 
logic__1661: fpga__GC0, 
logic__509: eth_phy_10g, 
lfsr__parameterized4: fpga__GC0, 
logic__2398: fpga__GC0, 
logic__142: eth_phy_10g, 
case__554: fpga__GC0, 
reg__426: fpga__GC0, 
logic__394: eth_phy_10g, 
reg__323: fpga__GC0, 
reg__116: fpga__GC0, 
logic__3094: fpga__GC0, 
case__203: fpga__GC0, 
logic__694: fpga__GC0, 
case__18: eth_phy_10g, 
logic__2477: fpga__GC0, 
logic__280: eth_phy_10g, 
logic__2227: fpga__GC0, 
logic__615: eth_xcvr_phy_wrapper__parameterized0__xdcDup__5__GC0, 
reg__90: fpga__GC0, 
logic__144: eth_phy_10g, 
logic__2945: fpga__GC0, 
logic__1878: fpga__GC0, 
logic__1302: fpga__GC0, 
logic__1814: fpga__GC0, 
datapath__19: fpga__GC0, 
reg__349: fpga__GC0, 
logic__2466: fpga__GC0, 
logic__575: eth_phy_10g, 
reg__387: fpga__GC0, 
reg__367: fpga__GC0, 
logic__2692: fpga__GC0, 
logic__288: eth_phy_10g, 
reg__500: fpga__GC0, 
muxpart__21: eth_phy_10g, 
reg__579: fpga__GC0, 
muxpart__45: eth_phy_10g, 
case__68: fpga__GC0, 
logic__2854: fpga__GC0, 
logic__1723: fpga__GC0, 
logic__470: eth_phy_10g, 
logic__928: fpga__GC0, 
logic__1506: fpga__GC0, 
logic__2676: fpga__GC0, 
logic__3107: fpga__GC0, 
logic__793: fpga__GC0, 
logic__1346: fpga__GC0, 
logic__40: eth_phy_10g, 
logic__697: fpga__GC0, 
reg__593: fpga__GC0, 
case__632: fpga__GC0, 
logic__3185: fpga__GC0, 
logic__763: fpga__GC0, 
logic__2539: fpga__GC0, 
logic__532: eth_phy_10g, 
logic__1365: fpga__GC0, 
logic__138: eth_phy_10g, 
reg__571: fpga__GC0, 
muxpart: fpga__GC0, 
logic__520: eth_phy_10g, 
reg__586: fpga__GC0, 
logic__150: eth_phy_10g, 
logic__2849: fpga__GC0, 
logic__653: fpga__GC0, 
logic__1559: fpga__GC0, 
logic__2264: fpga__GC0, 
logic__569: eth_phy_10g, 
reg__526: fpga__GC0, 
logic__124: eth_phy_10g, 
case__310: fpga__GC0, 
logic__2712: fpga__GC0, 
logic__1925: fpga__GC0, 
logic__1683: fpga__GC0, 
case__25: eth_phy_10g, 
case__227: fpga__GC0, 
logic__1778: fpga__GC0, 
logic__3305: fpga__GC0, 
logic__491: eth_phy_10g, 
case__353: fpga__GC0, 
logic__2143: fpga__GC0, 
reg__467: fpga__GC0, 
logic__1594: fpga__GC0, 
reg__408: fpga__GC0, 
logic__1835: fpga__GC0, 
case__397: fpga__GC0, 
reg__238: fpga__GC0, 
logic__969: fpga__GC0, 
logic__2371: fpga__GC0, 
reg__3: fpga__GC0, 
logic__104: eth_phy_10g, 
case__575: fpga__GC0, 
logic__576: eth_phy_10g, 
logic__3400: fpga__GC0, 
case__204: fpga__GC0, 
logic__1744: fpga__GC0, 
reg__74: fpga__GC0, 
logic__1589: fpga__GC0, 
logic__1639: fpga__GC0, 
logic__716: fpga__GC0, 
case__190: fpga__GC0, 
logic__1313: fpga__GC0, 
case__26: eth_phy_10g, 
logic__713: fpga__GC0, 
reg__576: fpga__GC0, 
reg__504: fpga__GC0, 
eth_xcvr_phy_wrapper__parameterized0__xdcDup__3__GC0: eth_xcvr_phy_wrapper__parameterized0__xdcDup__3__GC0, 
ram__4: fpga__GC0, 
logic__3423: fpga__GC0, 
logic__210: eth_phy_10g, 
case__654: fpga__GC0, 
logic__3617: fpga__GC0, 
case__355: fpga__GC0, 
case__588: fpga__GC0, 
eth_xcvr_phy_wrapper__parameterized0__GC0: eth_xcvr_phy_wrapper__parameterized0__GC0, 
logic__1957: fpga__GC0, 
datapath__74: fpga__GC0, 
logic__1155: fpga__GC0, 
reg__2: fpga__GC0, 
reg__281: fpga__GC0, 
reg__226: fpga__GC0, 
logic__3338: fpga__GC0, 
logic__3048: fpga__GC0, 
logic__315: eth_phy_10g, 
logic__3445: fpga__GC0, 
logic__1670: fpga__GC0, 
logic__71: eth_phy_10g, 
eth_xcvr_phy_wrapper__xdcDup__1__GC0: eth_xcvr_phy_wrapper__xdcDup__1__GC0, 
logic__2360: fpga__GC0, 
logic__3528: fpga__GC0, 
case__7: eth_phy_10g, 
reg__406: fpga__GC0, 
logic__2866: fpga__GC0, 
logic__3462: fpga__GC0, 
logic__84: eth_phy_10g, 
reg__609: fpga__GC0, 
logic__1306: fpga__GC0, 
reg__348: fpga__GC0, 
logic__1261: fpga__GC0, 
reg__543: fpga__GC0, 
logic__462: eth_phy_10g, 
logic__2385: fpga__GC0, 
logic__1013: fpga__GC0, 
reg__551: fpga__GC0, 
case__593: fpga__GC0, 
logic__52: eth_phy_10g, 
logic__3435: fpga__GC0, 
arp_cache: fpga__GC0, 
logic__2066: fpga__GC0, 
logic__64: eth_phy_10g, 
case__576: fpga__GC0, 
logic__1895: fpga__GC0, 
logic__1334: fpga__GC0, 
logic__3466: fpga__GC0, 
arbiter: fpga__GC0, 
logic__622: fpga__GC0, 
muxpart__23: eth_phy_10g, 
reg__235: fpga__GC0, 
reg__141: fpga__GC0, 
logic__2574: fpga__GC0, 
eth_phy_10g_rx: eth_phy_10g, 
logic__1022: fpga__GC0, 
case__8: eth_phy_10g, 
muxpart__72: fpga__GC0, 
logic__113: eth_phy_10g, 
reg__109: fpga__GC0, 
logic__1428: fpga__GC0, 
logic__433: eth_phy_10g, 
reg__535: fpga__GC0, 
logic__1913: fpga__GC0, 
logic__1876: fpga__GC0, 
reg__540: fpga__GC0, 
reg__52: eth_xcvr_phy_wrapper__parameterized0__xdcDup__3__GC0, 
logic__1297: fpga__GC0, 
logic__1529: fpga__GC0, 
logic__2894: fpga__GC0, 
logic__177: eth_phy_10g, 
reg__257: fpga__GC0, 
logic__130: eth_phy_10g, 
logic__2568: fpga__GC0, 
reg__289: fpga__GC0, 
case__10: eth_phy_10g, 
logic__557: eth_phy_10g, 
muxpart__32: eth_phy_10g, 
logic__1863: fpga__GC0, 
logic__344: eth_phy_10g, 
reg__446: fpga__GC0, 
reg__263: fpga__GC0, 
logic__277: eth_phy_10g, 
case__663: fpga__GC0, 
logic__1285: fpga__GC0, 
logic__1305: fpga__GC0, 
reg__114: fpga__GC0, 
reg__405: fpga__GC0, 
case__347: fpga__GC0, 
case__638: fpga__GC0, 
case__238: fpga__GC0, 
logic__1266: fpga__GC0, 
case__365: fpga__GC0, 
logic__1505: fpga__GC0, 
logic__239: eth_phy_10g, 
logic__1481: fpga__GC0, 
logic__916: fpga__GC0, 
logic__54: eth_phy_10g, 
logic__3763: fpga__GC0, 
logic__3770: fpga__GC0, 
logic__792: fpga__GC0, 
case__76: fpga__GC0, 
datapath__59: fpga__GC0, 
logic__903: fpga__GC0, 
logic__162: eth_phy_10g, 
logic__3424: fpga__GC0, 
logic__639: fpga__GC0, 
logic__1436: fpga__GC0, 
reg__247: fpga__GC0, 
logic__1085: fpga__GC0, 
logic__1706: fpga__GC0, 
reg__95: fpga__GC0, 
logic__534: eth_phy_10g, 
case__630: fpga__GC0, 
logic__894: fpga__GC0, 
logic__1462: fpga__GC0, 
logic__1277: fpga__GC0, 
logic__2657: fpga__GC0, 
logic__1676: fpga__GC0, 
case__346: fpga__GC0, 
logic__1890: fpga__GC0, 
logic__1698: fpga__GC0, 
logic__1427: fpga__GC0, 
reg__240: fpga__GC0, 
logic__1658: fpga__GC0, 
logic__1213: fpga__GC0, 
logic__1852: fpga__GC0, 
logic__1351: fpga__GC0, 
logic__1107: fpga__GC0, 
logic__610: eth_xcvr_phy_wrapper__parameterized0__xdcDup__3__GC0, 
logic__1162: fpga__GC0, 
case__216: fpga__GC0, 
case__519: fpga__GC0, 
logic__807: fpga__GC0, 
logic__3303: fpga__GC0, 
lfsr__parameterized7: fpga__GC0, 
datapath__53: fpga__GC0, 
logic__1509: fpga__GC0, 
logic__1257: fpga__GC0, 
case__160: fpga__GC0, 
ram__1: fpga__GC0, 
logic__2428: fpga__GC0, 
logic__699: fpga__GC0, 
axis_fifo__parameterized0: fpga__GC0, 
case__437: fpga__GC0, 
reg__471: fpga__GC0, 
logic__3659: fpga__GC0, 
reg__264: fpga__GC0, 
logic__2494: fpga__GC0, 
logic__3823: fpga__GC0, 
case__392: fpga__GC0, 
case__344: fpga__GC0, 
logic__2178: fpga__GC0, 
logic__1588: fpga__GC0, 
case__644: fpga__GC0, 
logic__1626: fpga__GC0, 
reg__197: fpga__GC0, 
reg__545: fpga__GC0, 
case__500: fpga__GC0, 
logic__163: eth_phy_10g, 
logic__1697: fpga__GC0, 
logic__3657: fpga__GC0, 
case__506: fpga__GC0, 
logic__1269: fpga__GC0, 
logic__1080: fpga__GC0, 
logic__1278: fpga__GC0, 
logic__1563: fpga__GC0, 
logic__1720: fpga__GC0, 
logic__2691: fpga__GC0, 
logic__840: fpga__GC0, 
datapath__62: fpga__GC0, 
reg__353: fpga__GC0, 
logic__3074: fpga__GC0, 
logic__2388: fpga__GC0, 
logic__32: eth_phy_10g, 
logic__67: eth_phy_10g, 
logic__1887: fpga__GC0, 
logic__1538: fpga__GC0, 
ram__9: fpga__GC0, 
logic__3533: fpga__GC0, 
muxpart__26: eth_phy_10g, 
case__247: fpga__GC0, 
logic__1735: fpga__GC0, 
logic__484: eth_phy_10g, 
logic__3666: fpga__GC0, 
case__531: fpga__GC0, 
case__540: fpga__GC0, 
reg__402: fpga__GC0, 
logic__119: eth_phy_10g, 
case__134: fpga__GC0, 
logic__1424: fpga__GC0, 
logic__297: eth_phy_10g, 
case__249: fpga__GC0, 
logic__404: eth_phy_10g, 
case__117: fpga__GC0, 
logic__765: fpga__GC0, 
reg__184: fpga__GC0, 
lfsr__parameterized0: eth_phy_10g, 
ip_64: fpga__GC0, 
case__150: fpga__GC0, 
logic__1581: fpga__GC0, 
logic__1975: fpga__GC0, 
logic__281: eth_phy_10g, 
logic__3663: fpga__GC0, 
logic__2743: fpga__GC0, 
logic__710: fpga__GC0, 
logic__1769: fpga__GC0, 
reg__342: fpga__GC0, 
logic__775: fpga__GC0, 
logic__2195: fpga__GC0, 
logic__1893: fpga__GC0, 
logic__2090: fpga__GC0, 
logic__1577: fpga__GC0, 
logic__1347: fpga__GC0, 
logic__1404: fpga__GC0, 
logic__3452: fpga__GC0, 
logic__2347: fpga__GC0, 
logic__3037: fpga__GC0, 
logic__3783: fpga__GC0, 
logic__2870: fpga__GC0, 
logic__790: fpga__GC0, 
logic__1753: fpga__GC0, 
logic__3529: fpga__GC0, 
reg__465: fpga__GC0, 
logic__3786: fpga__GC0, 
case__110: fpga__GC0, 
logic__1884: fpga__GC0, 
logic__289: eth_phy_10g, 
case__265: fpga__GC0, 
logic__2522: fpga__GC0, 
case__293: fpga__GC0, 
reg__290: fpga__GC0, 
logic__1358: fpga__GC0, 
reg__20: eth_phy_10g, 
case__3: eth_phy_10g, 
logic__1226: fpga__GC0, 
logic__2249: fpga__GC0, 
logic__679: fpga__GC0, 
logic__778: fpga__GC0, 
logic__282: eth_phy_10g, 
logic__3395: fpga__GC0, 
datapath__60: fpga__GC0, 
logic__1237: fpga__GC0, 
logic__46: eth_phy_10g, 
logic__659: fpga__GC0, 
reg__274: fpga__GC0, 
logic__1709: fpga__GC0, 
logic__535: eth_phy_10g, 
datapath__104: fpga__GC0, 
logic__2457: fpga__GC0, 
logic__1883: fpga__GC0, 
logic__2670: fpga__GC0, 
logic__1335: fpga__GC0, 
logic__1869: fpga__GC0, 
logic__1660: fpga__GC0, 
logic__1117: fpga__GC0, 
muxpart__8: eth_phy_10g, 
logic__3622: fpga__GC0, 
logic__2062: fpga__GC0, 
logic__2518: fpga__GC0, 
case__215: fpga__GC0, 
logic__3239: fpga__GC0, 
case__371: fpga__GC0, 
case__86: fpga__GC0, 
logic__3358: fpga__GC0, 
logic__2104: fpga__GC0, 
case__637: fpga__GC0, 
logic__761: fpga__GC0, 
logic__2081: fpga__GC0, 
logic__538: eth_phy_10g, 
logic__3441: fpga__GC0, 
logic__1733: fpga__GC0, 
reg__475: fpga__GC0, 
case__240: fpga__GC0, 
reg__243: fpga__GC0, 
reg__458: fpga__GC0, 
logic__1768: fpga__GC0, 
logic__1554: fpga__GC0, 
logic__1799: fpga__GC0, 
datapath__90: fpga__GC0, 
logic__3182: fpga__GC0, 
logic__1166: fpga__GC0, 
logic__1228: fpga__GC0, 
logic__341: eth_phy_10g, 
logic__2877: fpga__GC0, 
reg__581: fpga__GC0, 
logic__2441: fpga__GC0, 
logic__726: fpga__GC0, 
case__223: fpga__GC0, 
logic__453: eth_phy_10g, 
logic__330: eth_phy_10g, 
logic__1699: fpga__GC0, 
logic__1394: fpga__GC0, 
case__51: fpga__GC0, 
logic__907: fpga__GC0, 
reg__388: fpga__GC0, 
logic__485: eth_phy_10g, 
logic__135: eth_phy_10g, 
datapath__70: fpga__GC0, 
logic__2244: fpga__GC0, 
reg__282: fpga__GC0, 
reg__65: fpga__GC0, 
logic__1113: fpga__GC0, 
sync_reset__xdcDup__16: eth_xcvr_phy_wrapper__parameterized0__GC0, 
logic__685: fpga__GC0, 
case__442: fpga__GC0, 
logic__810: fpga__GC0, 
datapath__8: eth_phy_10g, 
logic__2367: fpga__GC0, 
logic__441: eth_phy_10g, 
reg__293: fpga__GC0, 
logic__3501: fpga__GC0, 
case__267: fpga__GC0, 
logic__1636: fpga__GC0, 
case__359: fpga__GC0, 
case__299: fpga__GC0, 
reg__330: fpga__GC0, 
logic__1654: fpga__GC0, 
logic__1801: fpga__GC0, 
reg__132: fpga__GC0, 
logic__1418: fpga__GC0, 
logic__777: fpga__GC0, 
logic__1947: fpga__GC0, 
datapath__40: fpga__GC0, 
reg__231: fpga__GC0, 
logic__1235: fpga__GC0, 
reg__363: fpga__GC0, 
logic__629: fpga__GC0, 
logic__1485: fpga__GC0, 
case__209: fpga__GC0, 
logic__780: fpga__GC0, 
logic__633: fpga__GC0, 
reg__411: fpga__GC0, 
logic__507: eth_phy_10g, 
logic__1740: fpga__GC0, 
reg__328: fpga__GC0, 
logic__1227: fpga__GC0, 
logic__145: eth_phy_10g, 
reg__509: fpga__GC0, 
reg__450: fpga__GC0, 
logic__1083: fpga__GC0, 
logic__644: fpga__GC0, 
datapath__75: fpga__GC0, 
case__522: fpga__GC0, 
logic__1030: fpga__GC0, 
logic__464: eth_phy_10g, 
logic__2299: fpga__GC0, 
logic__495: eth_phy_10g, 
logic__551: eth_phy_10g, 
logic__2686: fpga__GC0, 
case__32: eth_phy_10g, 
logic__1833: fpga__GC0, 
logic__953: fpga__GC0, 
case__707: fpga__GC0, 
case__258: fpga__GC0, 
logic__889: fpga__GC0, 
logic__3484: fpga__GC0, 
logic__1748: fpga__GC0, 
logic__1730: fpga__GC0, 
logic__2895: fpga__GC0, 
case__523: fpga__GC0, 
logic__1752: fpga__GC0, 
logic__83: eth_phy_10g, 
logic__595: eth_phy_10g, 
logic__849: fpga__GC0, 
reg__86: fpga__GC0, 
logic__1475: fpga__GC0, 
logic__3530: fpga__GC0, 
case__460: fpga__GC0, 
reg__589: fpga__GC0, 
logic__1447: fpga__GC0, 
case__168: fpga__GC0, 
datapath__9: eth_phy_10g, 
case__38: fpga__GC0, 
reg__70: fpga__GC0, 
logic__806: fpga__GC0, 
reg__454: fpga__GC0, 
sync_reset__xdcDup__1: fpga__GC0, 
logic__585: eth_phy_10g, 
logic__2301: fpga__GC0, 
logic__736: fpga__GC0, 
logic__3251: fpga__GC0, 
logic__1827: fpga__GC0, 
datapath__23: fpga__GC0, 
case__131: fpga__GC0, 
logic__1646: fpga__GC0, 
logic__1598: fpga__GC0, 
case__686: fpga__GC0, 
reg__582: fpga__GC0, 
ram__7: fpga__GC0, 
logic__818: fpga__GC0, 
logic__1834: fpga__GC0, 
logic__512: eth_phy_10g, 
reg__82: fpga__GC0, 
case__137: fpga__GC0, 
logic__312: eth_phy_10g, 
reg__159: fpga__GC0, 
logic__99: eth_phy_10g, 
reg__38: eth_phy_10g, 
logic__2238: fpga__GC0, 
extram__6: fpga__GC0, 
signinv__1: fpga__GC0, 
