/qsfp1_phy_inst/phy2.eth_xcvr_phy_2/eth_xcvr_phy_wrapper__parameterized0__xdcDup__4__GC0:2197653340
/fpga__GC0:1240212293
/qsfp1_phy_inst/phy1.eth_xcvr_phy_1/phy_inst:2554454363
/qsfp0_phy_inst/phy2.eth_xcvr_phy_2/eth_xcvr_phy_wrapper__parameterized0__xdcDup__1__GC0:3526366959
/qsfp1_phy_inst/phy1.eth_xcvr_phy_1/eth_xcvr_phy_wrapper__GC0:1892188763
/qsfp0_phy_inst/phy1.eth_xcvr_phy_1/phy_inst:2554454363
/qsfp0_phy_inst/phy2.eth_xcvr_phy_2/phy_inst:2554454363
/qsfp0_phy_inst/phy4.eth_xcvr_phy_4/eth_xcvr_phy_wrapper__parameterized0__xdcDup__3__GC0:2683877348
/qsfp0_phy_inst/phy3.eth_xcvr_phy_3/eth_xcvr_phy_wrapper__parameterized0__xdcDup__2__GC0:1420059713
/qsfp1_phy_inst/phy2.eth_xcvr_phy_2/phy_inst:2554454363
/qsfp0_phy_inst/phy3.eth_xcvr_phy_3/phy_inst:2554454363
/qsfp0_phy_inst/phy1.eth_xcvr_phy_1/eth_xcvr_phy_wrapper__xdcDup__1__GC0:3029830906
/qsfp1_phy_inst/phy4.eth_xcvr_phy_4/phy_inst:2554454363
/qsfp1_phy_inst/phy3.eth_xcvr_phy_3/phy_inst:2554454363
/qsfp1_phy_inst/phy4.eth_xcvr_phy_4/eth_xcvr_phy_wrapper__parameterized0__GC0:978847971
/qsfp0_phy_inst/phy4.eth_xcvr_phy_4/phy_inst:2554454363
/qsfp1_phy_inst/phy3.eth_xcvr_phy_3/eth_xcvr_phy_wrapper__parameterized0__xdcDup__5__GC0:1235309817
