#-----------------------------------------------------------
# Vivado v2023.2 (64-bit)
# SW Build 4029153 on Fri Oct 13 20:13:54 MDT 2023
# IP Build 4028589 on Sat Oct 14 00:45:43 MDT 2023
# SharedData Build 4025554 on Tue Oct 10 17:18:54 MDT 2023
# Start of session at: Mon Jul 29 19:04:32 2024
# Process ID: 18663
# Current directory: /home/joseantonio/TFM/verilog-ethernet-toqueteo-190724/verilog-ethernet/example/Alveo/fpga_25g/fpga_AU200_10g/fpga.runs/eth_xcvr_gt_full_synth_1
# Command line: vivado -log eth_xcvr_gt_full.vds -product Vivado -mode batch -messageDb vivado.pb -notrace -source eth_xcvr_gt_full.tcl
# Log file: /home/joseantonio/TFM/verilog-ethernet-toqueteo-190724/verilog-ethernet/example/Alveo/fpga_25g/fpga_AU200_10g/fpga.runs/eth_xcvr_gt_full_synth_1/eth_xcvr_gt_full.vds
# Journal file: /home/joseantonio/TFM/verilog-ethernet-toqueteo-190724/verilog-ethernet/example/Alveo/fpga_25g/fpga_AU200_10g/fpga.runs/eth_xcvr_gt_full_synth_1/vivado.jou
# Running On: joseantonio-Legion-5-15IAH7H, OS: Linux, CPU Frequency: 2543.918 MHz, CPU Physical cores: 14, Host memory: 16470 MB
#-----------------------------------------------------------
source eth_xcvr_gt_full.tcl -notrace
